
 Start  Stop   Length Name               Class

 00000H 0AC1FH 0AC20H _TEXT              CODE
 0AC20H 0B71DH 00AFEH CNCIPOSS_TEXT      CODE
 0B71EH 0BA5AH 0033DH CNCIOPAR_TEXT      CODE
 0BA5BH 0BA5BH 00000H CNCDRCH_TEXT       CODE
 0BA5BH 0BA5BH 00000H CNCCSTI_TEXT       CODE
 0BA5BH 0C011H 005B7H CNCOTL_TEXT        CODE
 0C012H 0CA73H 00A62H CNCSTED_TEXT       CODE
 0CA74H 0D12CH 006B9H CNCUZSM_TEXT       CODE
 0D12DH 0D31BH 001EFH CNCUZERO_TEXT      CODE
 0D31CH 0DC18H 008FDH CNCUZCP_TEXT       CODE
 0DC19H 0E530H 00918H CNCUWKP_TEXT       CODE
 0E531H 0E6D4H 001A4H CNCUWERR_TEXT      CODE
 0E6D5H 0E9DBH 00307H CNCUSIM_TEXT       CODE
 0E9DCH 10892H 01EB7H CNCUR_PR_TEXT      CODE
 10893H 116B6H 00E24H CNCUNUMS_TEXT      CODE
 116B7H 12900H 0124AH CNCUNUMF_TEXT      CODE
 12901H 12914H 00014H CNCUNUL_TEXT       CODE
 12915H 14F6AH 02656H CNCUNP3_TEXT       CODE
 14F6BH 15DD3H 00E69H CNCUNP2_TEXT       CODE
 15DD4H 16C59H 00E86H CNCUNP1_TEXT       CODE
 16C5AH 17010H 003B7H CNCUINTF_TEXT      CODE
 17011H 1793AH 0092AH CNCUGRAN_TEXT      CODE
 1793BH 17E83H 00549H CNCUGR4_TEXT       CODE
 17E84H 1ADEFH 02F6CH CNCUFORM_TEXT      CODE
 1ADF0H 1C1BFH 013D0H CNCUFOM_TEXT       CODE
 1C1C0H 1C55EH 0039FH CNCUFNUM_TEXT      CODE
 1C55FH 1C5E5H 00087H CNCUFNM_TEXT       CODE
 1C5E6H 1DB33H 0154EH CNCUENDS_TEXT      CODE
 1DB34H 1DE1FH 002ECH CNCUASIM_TEXT      CODE
 1DE20H 1EC46H 00E27H CNCUANA_TEXT       CODE
 1EC47H 1F362H 0071CH CNCTSZR_TEXT       CODE
 1F363H 1FA29H 006C7H CNCTSTP_TEXT       CODE
 1FA2AH 1FBB4H 0018BH CNCTSM_TEXT        CODE
 1FBB5H 1FBFFH 0004BH CNCTRPR_TEXT       CODE
 1FC00H 1FEFCH 002FDH CNCTRES_TEXT       CODE
 1FEFDH 1FF40H 00044H CNCTRC2_TEXT       CODE
 1FF41H 1FF90H 00050H CNCTRC1_TEXT       CODE
 1FF91H 200A8H 00118H CNCTPOIN_TEXT      CODE
 200A9H 2037AH 002D2H CNCTMM_TEXT        CODE
 2037BH 20C9DH 00923H CNCTMFUN_TEXT      CODE
 20C9EH 20D43H 000A6H CNCTIO_TEXT        CODE
 20D44H 21669H 00926H CNCTINFM_TEXT      CODE
 2166AH 218A5H 0023CH CNCTCOM1_TEXT      CODE
 218A6H 21C7CH 003D7H CNCTCM_TEXT        CODE
 21C7DH 22188H 0050CH CNCTBGN_TEXT       CODE
 22189H 22499H 00311H ZAPIC_TEXT         CODE
 2249AH 227DEH 00345H OB_OUT_TEXT        CODE
 227DFH 22F23H 00745H OB_KON2_TEXT       CODE
 22F24H 23C31H 00D0EH OB_KON_TEXT        CODE
 23C32H 23F76H 00345H OB_IN_TEXT         CODE
 23F77H 25171H 011FBH MISTAKE_TEXT       CODE
 25172H 2676AH 015F9H GLAV_TEXT          CODE
 2676BH 274FCH 00D92H DIAG_TEXT          CODE
 274FDH 297E6H 022EAH AVTOYP_TEXT        CODE
 297E7H 2A841H 0105BH CNCISREF_TEXT      CODE
 2A842H 2B55EH 00D1DH CNCISPOZ_TEXT      CODE
 2B55FH 2B7DBH 0027DH CNCIRES_TEXT       CODE
 2B7DCH 2C856H 0107BH CNCIEOKS_TEXT      CODE
 2C857H 2E54FH 01CF9H CNCICRFN_TEXT      CODE
 2E550H 2E8EEH 0039FH CNCCIUNA_TEXT      CODE
 2E8EFH 2FDF5H 01507H CNCCISVL_TEXT      CODE
 2FDF6H 3013FH 0034AH CNCCISM0_TEXT      CODE
 30140H 30C4BH 00B0CH CNCCIRND_TEXT      CODE
 30C4CH 32E9EH 02253H CNCCIRNC_TEXT      CODE
 32E9FH 3309AH 001FCH CNCCIRDS_TEXT      CODE
 3309BH 33594H 004FAH CNCCIPOL_TEXT      CODE
 33595H 3479FH 0120BH CNCCIMRR_TEXT      CODE
 347A0H 37156H 029B7H CNCCILL_TEXT       CODE
 37157H 38995H 0183FH CNCCIKRG_TEXT      CODE
 38996H 391EBH 00856H CNCCIKCN_TEXT      CODE
 391ECH 3B0AAH 01EBFH CNCCIINP_TEXT      CODE
 3B0ABH 3C3CAH 01320H CNCCIEQV_TEXT      CODE
 3C3CBH 3C717H 0034DH CNCCICT_TEXT       CODE
 3C718H 3E678H 01F61H CNCCICRS_TEXT      CODE
 3E679H 3EAB8H 00440H CNCCTOK_TEXT       CODE
 3EAB9H 3EDAEH 002F6H CNCCSTR_TEXT       CODE
 3EDAFH 3F30FH 00561H CNCCRRDP_TEXT      CODE
 3F310H 3F742H 00433H CNCCRM_TEXT        CODE
 3F743H 3FB06H 003C4H CNCCREF_TEXT       CODE
 3FB07H 400C9H 005C3H CNCCOUTK_TEXT      CODE
 400CAH 4109AH 00FD1H CNCCMAN_TEXT       CODE
 4109BH 413A5H 0030BH CNCCFRS_TEXT       CODE
 413A6H 423BDH 01018H CNCCAUTO_TEXT      CODE
 423BEH 42D20H 00963H CNCXUPR_TEXT       CODE
 42D21H 43612H 008F2H CNCTEND_TEXT       CODE
 43613H 43F5CH 0094AH CNCTCOM2_TEXT      CODE
 43F5DH 449CBH 00A6FH CNCSUPR_TEXT       CODE
 449CCH 44C4AH 0027FH CNCMUP_TEXT        CODE
 44C4BH 4567FH 00A35H CNCIREF_TEXT       CODE
 45680H 46AF9H 0147AH CNCIPOS_TEXT       CODE
 46AFAH 47409H 00910H CNCILIN_TEXT       CODE
 4740AH 483C4H 00FBBH CNCIEOK_TEXT       CODE
 483C5H 4A1E7H 01E23H CNCIAX_TEXT        CODE
 4A1E8H 4A9D0H 007E9H CNCDTIME_TEXT      CODE
 4A9D1H 4B14EH 0077EH CNCDRC_TEXT        CODE
 4B14FH 4B14FH 00000H CNCDCAP_TEXT       CODE
 4B14FH 4BEFBH 00DADH CNCCAMP_TEXT       CODE
 4BEFCH 4C013H 00118H CNCTEDI_TEXT       CODE
 4C014H 4C017H 00004H CNCSVAR_TEXT       CODE
 4C018H 4C64AH 00633H CNCSTIO_TEXT       CODE
 4C64BH 4ED18H 026CEH CNCSTEDC_TEXT      CODE
 4ED19H 4EFCFH 002B7H CNCSRMSG_TEXT      CODE
 4EFD0H 4F432H 00463H CNCSMAN_TEXT       CODE
 4F433H 510B9H 01C87H CNCSKOR_TEXT       CODE
 510BAH 51232H 00179H CNCSJOG_TEXT       CODE
 51233H 515D7H 003A5H CNCSHOW_TEXT       CODE
 515D8H 51D83H 007ACH CNCSGSTR_TEXT      CODE
 51D84H 523A6H 00623H CNCSGSC_TEXT       CODE
 523A7H 52AAAH 00704H CNCSGEOM_TEXT      CODE
 52AABH 52AB1H 00007H CNCSGDC_TEXT       CODE
 52AB2H 52D6BH 002BAH CNCSFUN_TEXT       CODE
 52D6CH 538DAH 00B6FH CNCSFSPR_TEXT      CODE
 538DBH 5593DH 02063H CNCSFH_TEXT        CODE
 5593EH 55F5BH 0061EH CNCSEDIT_TEXT      CODE
 55F5CH 56A42H 00AE7H CNCSDIAG_TEXT      CODE
 56A43H 56D8CH 0034AH CNCSCWND_TEXT      CODE
 56D8DH 574B9H 0072DH CNCSCR_TEXT        CODE
 574BAH 57913H 0045AH CNCSCMPR_TEXT      CODE
 57914H 57D98H 00485H CNCSBEG_TEXT       CODE
 57D99H 58B0EH 00D76H CNCSAUTO_TEXT      CODE
 58B0FH 58B0FH 00000H CNCUNPAC_TEXT      CODE
 58B0FH 58B0FH 00000H CNCUN3_TEXT        CODE
 58B0FH 58B0FH 00000H CNCUN2_TEXT        CODE
 58B0FH 58B0FH 00000H CNCUN1_TEXT        CODE
 58B0FH 59704H 00BF6H CNCPAR_TEXT        CODE
 59705H 59705H 00000H CNCINTF_TEXT       CODE
 59705H 59705H 00000H CNCINTB_TEXT       CODE
 59705H 59705H 00000H CNCINT_TEXT        CODE
 59705H 59705H 00000H CNCHARD_TEXT       CODE
 59705H 597ABH 000A7H CNCED_TEXT         CODE
 597ACH 597ACH 00000H CNCCSTAT_TEXT      CODE
 597B0H 59D6FH 005C0H E87_PROG           CODE
 59D70H 5DF87H 04218H _TEXTA             CODE
 5DF88H 5EBD5H 00C4EH _TEXTC             CODE
 5EBE0H 5EBE0H 00000H _FARDATA           FAR_DATA
 5EBE0H 60B1FH 01F40H CNCDRCH5_DATA      FAR_DATA
 60B20H 61B1FH 01000H CNCUN15_DATA       FAR_DATA
 61B20H 647A2H 02C83H CNCPAR5_DATA       FAR_DATA
 647B0H 647B0H 00000H _FARBSS            FAR_BSS
 647B0H 647B0H 00000H _OVERLAY_          OVRINFO
 647B0H 647B0H 00000H _1STUB_            STUBSEG
 647B0H 664DBH 01D2CH _DATA              DATA
 664DCH 664DFH 00004H _CVTSEG            DATA
 664E0H 664EBH 0000CH _SCNSEG            DATA
 664ECH 664ECH 00000H _CONST             CONST
 664ECH 66533H 00048H _INIT_             INITDATA
 66534H 66534H 00000H _INITEND_          INITDATA
 66534H 66557H 00024H _EXIT_             EXITDATA
 66558H 66558H 00000H _EXITEND_          EXITDATA
 66558H 6EECBH 08974H _BSS               BSS
 6EECCH 6EECCH 00000H _BSSEND            BSSEND
 6EED0H 6F000H 00131H _STACK             STACK


Detailed map of segments

 0000:0000 0271 C=CODE   S=_TEXT          G=(none)   M=c0.asm     ACBP=28
 0000:0271 0000 C=CODE   S=_TEXT          G=(none)   M=deflt87    ACBP=28
 0000:0271 0000 C=CODE   S=_TEXT          G=(none)   M=protflag   ACBP=28
 0000:0271 0000 C=CODE   S=_TEXT          G=(none)   M=e87trap    ACBP=28
 0000:0271 0221 C=CODE   S=_TEXT          G=(none)   M=fp87init   ACBP=28
 0000:0492 0019 C=CODE   S=_TEXT          G=(none)   M=atof       ACBP=28
 0000:04AB 0076 C=CODE   S=_TEXT          G=(none)   M=efcvt      ACBP=28
 0000:0521 0000 C=CODE   S=_TEXT          G=(none)   M=hugeval    ACBP=28
 0000:0521 0000 C=CODE   S=_TEXT          G=(none)   M=mathwhy    ACBP=28
 0000:0521 00D8 C=CODE   S=_TEXT          G=(none)   M=strtod     ACBP=28
 0000:05F9 000F C=CODE   S=_TEXT          G=(none)   M=atan       ACBP=28
 0000:0608 0011 C=CODE   S=_TEXT          G=(none)   M=fabs       ACBP=28
 0000:0619 00C0 C=CODE   S=_TEXT          G=(none)   M=ldtrunc    ACBP=28
 0000:06D9 01D4 C=CODE   S=_TEXT          G=(none)   M=realcvt2   ACBP=28
 0000:08AD 002D C=CODE   S=_TEXT          G=(none)   M=round      ACBP=28
 0000:08DA 039F C=CODE   S=_TEXT          G=(none)   M=scantod2   ACBP=28
 0000:0C79 0216 C=CODE   S=_TEXT          G=(none)   M=xcvt       ACBP=28
 0000:0E8F 002E C=CODE   S=_TEXT          G=(none)   M=matherr    ACBP=28
 0000:0EBD 000D C=CODE   S=_TEXT          G=(none)   M=pow10d     ACBP=28
 0000:0ECA 00B0 C=CODE   S=_TEXT          G=(none)   M=_matherr   ACBP=28
 0000:0F7A 0052 C=CODE   S=_TEXT          G=(none)   M=cos        ACBP=28
 0000:0FCC 0033 C=CODE   S=_TEXT          G=(none)   M=modf       ACBP=28
 0000:0FFF 01FB C=CODE   S=_TEXT          G=(none)   M=pow        ACBP=28
 0000:11FA 0052 C=CODE   S=_TEXT          G=(none)   M=sin        ACBP=28
 0000:124C 0044 C=CODE   S=_TEXT          G=(none)   M=sqrt       ACBP=28
 0000:1290 0055 C=CODE   S=_TEXT          G=(none)   M=tan        ACBP=28
 0000:12E5 00CB C=CODE   S=_TEXT          G=(none)   M=_pow10     ACBP=28
 0000:13B0 00AA C=CODE   S=_TEXT          G=(none)   M=fperr      ACBP=28
 0000:145A 002C C=CODE   S=_TEXT          G=(none)   M=fftol      ACBP=28
 0000:1486 0014 C=CODE   S=_TEXT          G=(none)   M=bioscom    ACBP=28
 0000:149A 0000 C=CODE   S=_TEXT          G=(none)   M=wscroll    ACBP=28
 0000:149A 009E C=CODE   S=_TEXT          G=(none)   M=vram       ACBP=28
 0000:1538 0033 C=CODE   S=_TEXT          G=(none)   M=clreol     ACBP=28
 0000:156B 002D C=CODE   S=_TEXT          G=(none)   M=clrscr     ACBP=28
 0000:1598 0064 C=CODE   S=_TEXT          G=(none)   M=color      ACBP=28
 0000:15FC 0150 C=CODE   S=_TEXT          G=(none)   M=cprintf    ACBP=28
 0000:174C 0024 C=CODE   S=_TEXT          G=(none)   M=cputs      ACBP=28
 0000:1770 008D C=CODE   S=_TEXT          G=(none)   M=cursor     ACBP=28
 0000:17FD 004D C=CODE   S=_TEXT          G=(none)   M=gotoxy     ACBP=28
 0000:184A 00C8 C=CODE   S=_TEXT          G=(none)   M=gptext     ACBP=28
 0000:1912 00A8 C=CODE   S=_TEXT          G=(none)   M=movetext   ACBP=28
 0000:19BA 0019 C=CODE   S=_TEXT          G=(none)   M=putch      ACBP=28
 0000:19D3 01DB C=CODE   S=_TEXT          G=(none)   M=screen     ACBP=28
 0000:1BAE 0193 C=CODE   S=_TEXT          G=(none)   M=scroll     ACBP=28
 0000:1D41 0023 C=CODE   S=_TEXT          G=(none)   M=textmode   ACBP=28
 0000:1D64 005B C=CODE   S=_TEXT          G=(none)   M=vidinfo    ACBP=28
 0000:1DBF 0038 C=CODE   S=_TEXT          G=(none)   M=wherexy    ACBP=28
 0000:1DF7 0065 C=CODE   S=_TEXT          G=(none)   M=window     ACBP=28
 0000:1E5C 01B9 C=CODE   S=_TEXT          G=(none)   M=crtinit    ACBP=28
 0000:2015 0074 C=CODE   S=_TEXT          G=(none)   M=getch      ACBP=28
 0000:2089 0016 C=CODE   S=_TEXT          G=(none)   M=kbhit      ACBP=28
 0000:209F 003D C=CODE   S=_TEXT          G=(none)   M=_stpcpy    ACBP=28
 0000:20DC 0050 C=CODE   S=_TEXT          G=(none)   M=strpbrk    ACBP=28
 0000:212C 0028 C=CODE   S=_TEXT          G=(none)   M=memcmp     ACBP=28
 0000:2154 0024 C=CODE   S=_TEXT          G=(none)   M=memcpy     ACBP=28
 0000:2178 0049 C=CODE   S=_TEXT          G=(none)   M=memset     ACBP=28
 0000:21C1 0077 C=CODE   S=_TEXT          G=(none)   M=movmem     ACBP=28
 0000:2238 003F C=CODE   S=_TEXT          G=(none)   M=strcat     ACBP=28
 0000:2277 0030 C=CODE   S=_TEXT          G=(none)   M=strcmp     ACBP=28
 0000:22A7 0029 C=CODE   S=_TEXT          G=(none)   M=strcpy     ACBP=28
 0000:22D0 0021 C=CODE   S=_TEXT          G=(none)   M=strlen     ACBP=28
 0000:22F1 0031 C=CODE   S=_TEXT          G=(none)   M=strncpy    ACBP=28
 0000:2322 0034 C=CODE   S=_TEXT          G=(none)   M=strrev     ACBP=28
 0000:2356 006C C=CODE   S=_TEXT          G=(none)   M=strstr     ACBP=28
 0000:23C2 0000 C=CODE   S=_TEXT          G=(none)   M=files      ACBP=28
 0000:23C2 0000 C=CODE   S=_TEXT          G=(none)   M=files2     ACBP=28
 0000:23C2 0000 C=CODE   S=_TEXT          G=(none)   M=fmode      ACBP=28
 0000:23C2 0061 C=CODE   S=_TEXT          G=(none)   M=mkname     ACBP=28
 0000:2423 0169 C=CODE   S=_TEXT          G=(none)   M=setupio    ACBP=28
 0000:258C 001A C=CODE   S=_TEXT          G=(none)   M=xclose     ACBP=28
 0000:25A6 0052 C=CODE   S=_TEXT          G=(none)   M=ioerror    ACBP=28
 0000:25F8 0015 C=CODE   S=_TEXT          G=(none)   M=isatty     ACBP=28
 0000:260D 002D C=CODE   S=_TEXT          G=(none)   M=lseek      ACBP=28
 0000:263A 004F C=CODE   S=_TEXT          G=(none)   M=reada      ACBP=28
 0000:2689 04FE C=CODE   S=_TEXT          G=(none)   M=scanner    ACBP=28
 0000:2B87 001C C=CODE   S=_TEXT          G=(none)   M=unlink     ACBP=28
 0000:2BA3 04DB C=CODE   S=_TEXT          G=(none)   M=vprinter   ACBP=28
 0000:307E 0003 C=CODE   S=_TEXT          G=(none)   M=readu      ACBP=28
 0000:3081 0003 C=CODE   S=_TEXT          G=(none)   M=writeu     ACBP=28
 0000:3084 001A C=CODE   S=_TEXT          G=(none)   M=access     ACBP=28
 0000:309E 004E C=CODE   S=_TEXT          G=(none)   M=chmod      ACBP=28
 0000:30EC 002C C=CODE   S=_TEXT          G=(none)   M=close      ACBP=28
 0000:3118 00C1 C=CODE   S=_TEXT          G=(none)   M=fclose     ACBP=28
 0000:31D9 00DB C=CODE   S=_TEXT          G=(none)   M=fflush     ACBP=28
 0000:32B4 009E C=CODE   S=_TEXT          G=(none)   M=fgets      ACBP=28
 0000:3352 005C C=CODE   S=_TEXT          G=(none)   M=flushall   ACBP=28
 0000:33AE 0089 C=CODE   S=_TEXT          G=(none)   M=flushout   ACBP=28
 0000:3437 002F C=CODE   S=_TEXT          G=(none)   M=fnmerge    ACBP=28
 0000:3466 002F C=CODE   S=_TEXT          G=(none)   M=fnsplit    ACBP=28
 0000:3495 0233 C=CODE   S=_TEXT          G=(none)   M=fopen      ACBP=28
 0000:36C8 0020 C=CODE   S=_TEXT          G=(none)   M=fprintf    ACBP=28
 0000:36E8 0055 C=CODE   S=_TEXT          G=(none)   M=fputs      ACBP=28
 0000:373D 0028 C=CODE   S=_TEXT          G=(none)   M=fscanf     ACBP=28
 0000:3765 01F1 C=CODE   S=_TEXT          G=(none)   M=fseek      ACBP=28
 0000:3956 00D5 C=CODE   S=_TEXT          G=(none)   M=makepath   ACBP=28
 0000:3A2B 0097 C=CODE   S=_TEXT          G=(none)   M=perror     ACBP=28
 0000:3AC2 03E7 C=CODE   S=_TEXT          G=(none)   M=putc       ACBP=28
 0000:3EA9 0125 C=CODE   S=_TEXT          G=(none)   M=setvbuf    ACBP=28
 0000:3FCE 0306 C=CODE   S=_TEXT          G=(none)   M=splitpth   ACBP=28
 0000:42D4 0090 C=CODE   S=_TEXT          G=(none)   M=sprintf    ACBP=28
 0000:4364 0088 C=CODE   S=_TEXT          G=(none)   M=sscanf     ACBP=28
 0000:43EC 016A C=CODE   S=_TEXT          G=(none)   M=write      ACBP=28
 0000:4556 004A C=CODE   S=_TEXT          G=(none)   M=xfclose    ACBP=28
 0000:45A0 0049 C=CODE   S=_TEXT          G=(none)   M=xfflush    ACBP=28
 0000:45E9 003D C=CODE   S=_TEXT          G=(none)   M=_access    ACBP=28
 0000:4626 0021 C=CODE   S=_TEXT          G=(none)   M=chmoda     ACBP=28
 0000:4647 0033 C=CODE   S=_TEXT          G=(none)   M=closea     ACBP=28
 0000:467A 007E C=CODE   S=_TEXT          G=(none)   M=eof        ACBP=28
 0000:46F8 0068 C=CODE   S=_TEXT          G=(none)   M=findfirs   ACBP=28
 0000:4760 01F1 C=CODE   S=_TEXT          G=(none)   M=getc       ACBP=28
 0000:4951 01DD C=CODE   S=_TEXT          G=(none)   M=open       ACBP=28
 0000:4B2E 006C C=CODE   S=_TEXT          G=(none)   M=opena      ACBP=28
 0000:4B9A 00D1 C=CODE   S=_TEXT          G=(none)   M=read       ACBP=28
 0000:4C6B 001F C=CODE   S=_TEXT          G=(none)   M=rename     ACBP=28
 0000:4C8A 0078 C=CODE   S=_TEXT          G=(none)   M=ungetc     ACBP=28
 0000:4D02 005C C=CODE   S=_TEXT          G=(none)   M=writea     ACBP=28
 0000:4D5E 002D C=CODE   S=_TEXT          G=(none)   M=ioctl      ACBP=28
 0000:4D8B 000A C=CODE   S=_TEXT          G=(none)   M=cconv      ACBP=28
 0000:4D95 0000 C=CODE   S=_TEXT          G=(none)   M=ctype      ACBP=28
 0000:4D95 0030 C=CODE   S=_TEXT          G=(none)   M=tolower    ACBP=28
 0000:4DC5 0030 C=CODE   S=_TEXT          G=(none)   M=toupper    ACBP=28
 0000:4DF5 0017 C=CODE   S=_TEXT          G=(none)   M=f_lxmul    ACBP=28
 0000:4E0C 00AE C=CODE   S=_TEXT          G=(none)   M=h_ldiv     ACBP=28
 0000:4EBA 0021 C=CODE   S=_TEXT          G=(none)   M=h_llsh     ACBP=28
 0000:4EDB 0021 C=CODE   S=_TEXT          G=(none)   M=h_lursh    ACBP=28
 0000:4EFC 0017 C=CODE   S=_TEXT          G=(none)   M=n_lxmul    ACBP=28
 0000:4F13 002C C=CODE   S=_TEXT          G=(none)   M=labs       ACBP=28
 0000:4F3F 00A6 C=CODE   S=_TEXT          G=(none)   M=longtoa    ACBP=28
 0000:4FE5 01D1 C=CODE   S=_TEXT          G=(none)   M=scantol    ACBP=28
 0000:51B6 01EC C=CODE   S=_TEXT          G=(none)   M=fdiv16     ACBP=28
 0000:53A2 0000 C=CODE   S=_TEXT          G=(none)   M=fpstklen   ACBP=28
 0000:53A2 007C C=CODE   S=_TEXT          G=(none)   M=ltoa1      ACBP=28
 0000:541E 008A C=CODE   S=_TEXT          G=(none)   M=atol       ACBP=28
 0000:54A8 001F C=CODE   S=_TEXT          G=(none)   M=cvtfak     ACBP=28
 0000:54C7 0004 C=CODE   S=_TEXT          G=(none)   M=realcvt    ACBP=28
 0000:54CB 000C C=CODE   S=_TEXT          G=(none)   M=scantod    ACBP=28
 0000:54D7 0000 C=CODE   S=_TEXT          G=(none)   M=stklen     ACBP=28
 0000:54D7 0290 C=CODE   S=_TEXT          G=(none)   M=setnew     ACBP=28
 0000:5767 0016 C=CODE   S=_TEXT          G=(none)   M=del        ACBP=28
 0000:577D 0016 C=CODE   S=_TEXT          G=(none)   M=delarray   ACBP=28
 0000:5793 00C2 C=CODE   S=_TEXT          G=(none)   M=new        ACBP=28
 0000:5855 0012 C=CODE   S=_TEXT          G=(none)   M=newarray   ACBP=28
 0000:5867 0432 C=CODE   S=_TEXT          G=(none)   M=farheap    ACBP=28
 0000:5C99 0061 C=CODE   S=_TEXT          G=(none)   M=calloc     ACBP=28
 0000:5CFA 0160 C=CODE   S=_TEXT          G=(none)   M=fbrk       ACBP=28
 0000:5E5A 0050 C=CODE   S=_TEXT          G=(none)   M=fcorelft   ACBP=28
 0000:5EAA 000A C=CODE   S=_TEXT          G=(none)   M=coreleft   ACBP=28
 0000:5EB4 0094 C=CODE   S=_TEXT          G=(none)   M=fcalloc    ACBP=28
 0000:5F48 0020 C=CODE   S=_TEXT          G=(none)   M=setblock   ACBP=28
 0000:5F68 0088 C=CODE   S=_TEXT          G=(none)   M=h_pada     ACBP=28
 0000:5FF0 0060 C=CODE   S=_TEXT          G=(none)   M=h_padd     ACBP=28
 0000:6050 0028 C=CODE   S=_TEXT          G=(none)   M=h_psbp     ACBP=28
 0000:6078 0021 C=CODE   S=_TEXT          G=(none)   M=n_pcmp     ACBP=28
 0000:6099 001C C=CODE   S=_TEXT          G=(none)   M=n_scopy    ACBP=28
 0000:60B5 002A C=CODE   S=_TEXT          G=(none)   M=errormsg   ACBP=28
 0000:60DF 001F C=CODE   S=_TEXT          G=(none)   M=getswit    ACBP=28
 0000:60FE 0038 C=CODE   S=_TEXT          G=(none)   M=inport     ACBP=28
 0000:6136 0042 C=CODE   S=_TEXT          G=(none)   M=outport    ACBP=28
 0000:6178 005C C=CODE   S=_TEXT          G=(none)   M=cputype    ACBP=28
 0000:61D4 0014 C=CODE   S=_TEXT          G=(none)   M=abort      ACBP=28
 0000:61E8 0031 C=CODE   S=_TEXT          G=(none)   M=atexit     ACBP=28
 0000:6219 00AA C=CODE   S=_TEXT          G=(none)   M=exit       ACBP=28
 0000:62C3 0000 C=CODE   S=_TEXT          G=(none)   M=sigdata    ACBP=28
 0000:62C3 001B C=CODE   S=_TEXT          G=(none)   M=_abort     ACBP=28
 0000:62DE 0028 C=CODE   S=_TEXT          G=(none)   M=getvect    ACBP=28
 0000:6306 0022 C=CODE   S=_TEXT          G=(none)   M=segread    ACBP=28
 0000:6328 016D C=CODE   S=_TEXT          G=(none)   M=dosenv     ACBP=28
 0000:6495 0070 C=CODE   S=_TEXT          G=(none)   M=getenv     ACBP=28
 0000:6505 0058 C=CODE   S=_TEXT          G=(none)   M=setenvp    ACBP=28
 0000:655D 043D C=CODE   S=_TEXT          G=(none)   M=signal     ACBP=28
 0000:699A 00CF C=CODE   S=_TEXT          G=(none)   M=int86      ACBP=28
 0000:6A69 0092 C=CODE   S=_TEXT          G=(none)   M=intdos     ACBP=28
 0000:6AFB 00C6 C=CODE   S=_TEXT          G=(none)   M=spawn      ACBP=28
 0000:6BC1 0182 C=CODE   S=_TEXT          G=(none)   M=system     ACBP=28
 0000:6D43 029B C=CODE   S=_TEXT          G=(none)   M=xxv        ACBP=28
 0000:6FDE 0207 C=CODE   S=_TEXT          G=(none)   M=xalloc     ACBP=28
 0000:71E5 03D7 C=CODE   S=_TEXT          G=(none)   M=xmsg       ACBP=28
 0000:75BC 005D C=CODE   S=_TEXT          G=(none)   M=xxa        ACBP=28
 0000:7619 008F C=CODE   S=_TEXT          G=(none)   M=xxas       ACBP=28
 0000:76A8 31F8 C=CODE   S=_TEXT          G=(none)   M=xx         ACBP=28
 0000:A8A0 0061 C=CODE   S=_TEXT          G=(none)   M=ctor2      ACBP=28
 0000:A901 00D1 C=CODE   S=_TEXT          G=(none)   M=ctor3      ACBP=28
 0000:A9D2 024E C=CODE   S=_TEXT          G=(none)   M=strings    ACBP=28
 0AC2:0000 0AFE C=CODE   S=CNCIPOSS_TEXT  G=(none) M=..\cncdrc\cnciposs.cpp ACBP=28
 0B71:000E 033D C=CODE   S=CNCIOPAR_TEXT  G=(none) M=..\cnccom\cnciopar.cpp ACBP=28
 0BA5:000B 0000 C=CODE   S=CNCDRCH_TEXT   G=(none) M=..\cncdrc\cncdrch.cpp ACBP=28
 0BA5:000B 0000 C=CODE   S=CNCCSTI_TEXT   G=(none) M=..\cnccom\cnccsti.cpp ACBP=28
 0BA5:000B 05B7 C=CODE   S=CNCOTL_TEXT    G=(none) M=cncotl.cpp ACBP=28
 0C01:0002 0A62 C=CODE   S=CNCSTED_TEXT   G=(none) M=..\cncshow\cncsted.cpp ACBP=28
 0CA7:0004 06B9 C=CODE   S=CNCUZSM_TEXT   G=(none) M=..\cncunpac\cncuzsm.cpp ACBP=28
 0D12:000D 01EF C=CODE   S=CNCUZERO_TEXT  G=(none) M=..\cncunpac\cncuzero.cpp ACBP=28
 0D31:000C 08FD C=CODE   S=CNCUZCP_TEXT   G=(none) M=..\cncunpac\cncuzcp.cpp ACBP=28
 0DC1:0009 0918 C=CODE   S=CNCUWKP_TEXT   G=(none) M=..\cncunpac\cncuwkp.cpp ACBP=28
 0E53:0001 01A4 C=CODE   S=CNCUWERR_TEXT  G=(none) M=..\cncunpac\cncuwerr.cpp ACBP=28
 0E6D:0005 0307 C=CODE   S=CNCUSIM_TEXT   G=(none) M=..\cncunpac\cncusim.cpp ACBP=28
 0E9D:000C 1EB7 C=CODE   S=CNCUR_PR_TEXT  G=(none) M=..\cncunpac\cncur_pr.cpp ACBP=28
 1089:0003 0E24 C=CODE   S=CNCUNUMS_TEXT  G=(none) M=..\cncunpac\cncunums.cpp ACBP=28
 116B:0007 124A C=CODE   S=CNCUNUMF_TEXT  G=(none) M=..\cncunpac\cncunumf.cpp ACBP=28
 1290:0001 0014 C=CODE   S=CNCUNUL_TEXT   G=(none) M=..\cncunpac\cncunul.cpp ACBP=28
 1291:0005 2656 C=CODE   S=CNCUNP3_TEXT   G=(none) M=..\cncunpac\cncunp3.cpp ACBP=28
 14F6:000B 0E69 C=CODE   S=CNCUNP2_TEXT   G=(none) M=..\cncunpac\cncunp2.cpp ACBP=28
 15DD:0004 0E86 C=CODE   S=CNCUNP1_TEXT   G=(none) M=..\cncunpac\cncunp1.cpp ACBP=28
 16C5:000A 03B7 C=CODE   S=CNCUINTF_TEXT  G=(none) M=..\cncunpac\cncuintf.cpp ACBP=28
 1701:0001 092A C=CODE   S=CNCUGRAN_TEXT  G=(none) M=..\cncunpac\cncugran.cpp ACBP=28
 1793:000B 0549 C=CODE   S=CNCUGR4_TEXT   G=(none) M=..\cncunpac\cncugr4.cpp ACBP=28
 17E8:0004 2F6C C=CODE   S=CNCUFORM_TEXT  G=(none) M=..\cncunpac\cncuform.cpp ACBP=28
 1ADF:0000 13D0 C=CODE   S=CNCUFOM_TEXT   G=(none) M=..\cncunpac\cncufom.cpp ACBP=28
 1C1C:0000 039F C=CODE   S=CNCUFNUM_TEXT  G=(none) M=..\cncunpac\cncufnum.cpp ACBP=28
 1C55:000F 0087 C=CODE   S=CNCUFNM_TEXT   G=(none) M=..\cncunpac\cncufnm.cpp ACBP=28
 1C5E:0006 154E C=CODE   S=CNCUENDS_TEXT  G=(none) M=..\cncunpac\cncuends.cpp ACBP=28
 1DB3:0004 02EC C=CODE   S=CNCUASIM_TEXT  G=(none) M=..\cncunpac\cncuasim.cpp ACBP=28
 1DE2:0000 0E27 C=CODE   S=CNCUANA_TEXT   G=(none) M=..\cncunpac\cncuana.cpp ACBP=28
 1EC4:0007 071C C=CODE   S=CNCTSZR_TEXT   G=(none) M=..\cnctime\cnctszr.cpp ACBP=28
 1F36:0003 06C7 C=CODE   S=CNCTSTP_TEXT   G=(none) M=..\cnctime\cnctstp.cpp ACBP=28
 1FA2:000A 018B C=CODE   S=CNCTSM_TEXT    G=(none) M=..\cnctime\cnctsm.cpp ACBP=28
 1FBB:0005 004B C=CODE   S=CNCTRPR_TEXT   G=(none) M=..\cnctime\cnctrpr.cpp ACBP=28
 1FC0:0000 02FD C=CODE   S=CNCTRES_TEXT   G=(none) M=..\cnctime\cnctres.cpp ACBP=28
 1FEF:000D 0044 C=CODE   S=CNCTRC2_TEXT   G=(none) M=..\cnctime\cnctrc2.cpp ACBP=28
 1FF4:0001 0050 C=CODE   S=CNCTRC1_TEXT   G=(none) M=..\cnctime\cnctrc1.cpp ACBP=28
 1FF9:0001 0118 C=CODE   S=CNCTPOIN_TEXT  G=(none) M=..\cnctime\cnctpoin.cpp ACBP=28
 200A:0009 02D2 C=CODE   S=CNCTMM_TEXT    G=(none) M=..\cnctime\cnctmm.cpp ACBP=28
 2037:000B 0923 C=CODE   S=CNCTMFUN_TEXT  G=(none) M=..\cnctime\cnctmfun.cpp ACBP=28
 20C9:000E 00A6 C=CODE   S=CNCTIO_TEXT    G=(none) M=..\cnctime\cnctio.cpp ACBP=28
 20D4:0004 0926 C=CODE   S=CNCTINFM_TEXT  G=(none) M=..\cnctime\cnctinfm.cpp ACBP=28
 2166:000A 023C C=CODE   S=CNCTCOM1_TEXT  G=(none) M=..\cnctime\cnctcom1.cpp ACBP=28
 218A:0006 03D7 C=CODE   S=CNCTCM_TEXT    G=(none) M=..\cnctime\cnctcm.cpp ACBP=28
 21C7:000D 050C C=CODE   S=CNCTBGN_TEXT   G=(none) M=..\cnctime\cnctbgn.cpp ACBP=28
 2218:0009 0311 C=CODE   S=ZAPIC_TEXT     G=(none) M=..\cncserr\zapic.cpp ACBP=28
 2249:000A 0345 C=CODE   S=OB_OUT_TEXT    G=(none) M=..\cncserr\ob_out.cpp ACBP=28
 227D:000F 0745 C=CODE   S=OB_KON2_TEXT   G=(none) M=..\cncserr\ob_kon2.cpp ACBP=28
 22F2:0004 0D0E C=CODE   S=OB_KON_TEXT    G=(none) M=..\cncserr\ob_kon.cpp ACBP=28
 23C3:0002 0345 C=CODE   S=OB_IN_TEXT     G=(none) M=..\cncserr\ob_in.cpp ACBP=28
 23F7:0007 11FB C=CODE   S=MISTAKE_TEXT   G=(none) M=..\cncserr\mistake.cpp ACBP=28
 2517:0002 15F9 C=CODE   S=GLAV_TEXT      G=(none) M=..\cncserr\glav.cpp ACBP=28
 2676:000B 0D92 C=CODE   S=DIAG_TEXT      G=(none) M=..\cncserr\diag.cpp ACBP=28
 274F:000D 22EA C=CODE   S=AVTOYP_TEXT    G=(none) M=..\cncserr\avtoyp.cpp ACBP=28
 297E:0007 105B C=CODE   S=CNCISREF_TEXT  G=(none) M=..\cncdrv\cncisref.cpp ACBP=28
 2A84:0002 0D1D C=CODE   S=CNCISPOZ_TEXT  G=(none) M=..\cncdrv\cncispoz.cpp ACBP=28
 2B55:000F 027D C=CODE   S=CNCIRES_TEXT   G=(none) M=..\cncdrv\cncires.cpp ACBP=28
 2B7D:000C 107B C=CODE   S=CNCIEOKS_TEXT  G=(none) M=..\cncdrv\cncieoks.cpp ACBP=28
 2C85:0007 1CF9 C=CODE   S=CNCICRFN_TEXT  G=(none) M=..\cncdrv\cncicrfn.cpp ACBP=28
 2E55:0000 039F C=CODE   S=CNCCIUNA_TEXT  G=(none) M=..\cncci\cncciuna.cpp ACBP=28
 2E8E:000F 1507 C=CODE   S=CNCCISVL_TEXT  G=(none) M=..\cncci\cnccisvl.cpp ACBP=28
 2FDF:0006 034A C=CODE   S=CNCCISM0_TEXT  G=(none) M=..\cncci\cnccism0.cpp ACBP=28
 3014:0000 0B0C C=CODE   S=CNCCIRND_TEXT  G=(none) M=..\cncci\cnccirnd.cpp ACBP=28
 30C4:000C 2253 C=CODE   S=CNCCIRNC_TEXT  G=(none) M=..\cncci\cnccirnc.cpp ACBP=28
 32E9:000F 01FC C=CODE   S=CNCCIRDS_TEXT  G=(none) M=..\cncci\cnccirds.cpp ACBP=28
 3309:000B 04FA C=CODE   S=CNCCIPOL_TEXT  G=(none) M=..\cncci\cnccipol.cpp ACBP=28
 3359:0005 120B C=CODE   S=CNCCIMRR_TEXT  G=(none) M=..\cncci\cnccimrr.cpp ACBP=28
 347A:0000 29B7 C=CODE   S=CNCCILL_TEXT   G=(none) M=..\cncci\cnccill.cpp ACBP=28
 3715:0007 183F C=CODE   S=CNCCIKRG_TEXT  G=(none) M=..\cncci\cnccikrg.cpp ACBP=28
 3899:0006 0856 C=CODE   S=CNCCIKCN_TEXT  G=(none) M=..\cncci\cnccikcn.cpp ACBP=28
 391E:000C 1EBF C=CODE   S=CNCCIINP_TEXT  G=(none) M=..\cncci\cncciinp.cpp ACBP=28
 3B0A:000B 1320 C=CODE   S=CNCCIEQV_TEXT  G=(none) M=..\cncci\cnccieqv.cpp ACBP=28
 3C3C:000B 034D C=CODE   S=CNCCICT_TEXT   G=(none) M=..\cncci\cnccict.cpp ACBP=28
 3C71:0008 1F61 C=CODE   S=CNCCICRS_TEXT  G=(none) M=..\cncci\cnccicrs.cpp ACBP=28
 3E67:0009 0440 C=CODE   S=CNCCTOK_TEXT   G=(none) M=..\cnccamp\cncctok.cpp ACBP=28
 3EAB:0009 02F6 C=CODE   S=CNCCSTR_TEXT   G=(none) M=..\cnccamp\cnccstr.cpp ACBP=28
 3EDA:000F 0561 C=CODE   S=CNCCRRDP_TEXT  G=(none) M=..\cnccamp\cnccrrdp.cpp ACBP=28
 3F31:0000 0433 C=CODE   S=CNCCRM_TEXT    G=(none) M=..\cnccamp\cnccrm.cpp ACBP=28
 3F74:0003 03C4 C=CODE   S=CNCCREF_TEXT   G=(none) M=..\cnccamp\cnccref.cpp ACBP=28
 3FB0:0007 05C3 C=CODE   S=CNCCOUTK_TEXT  G=(none) M=..\cnccamp\cnccoutk.cpp ACBP=28
 400C:000A 0FD1 C=CODE   S=CNCCMAN_TEXT   G=(none) M=..\cnccamp\cnccman.cpp ACBP=28
 4109:000B 030B C=CODE   S=CNCCFRS_TEXT   G=(none) M=..\cnccamp\cnccfrs.cpp ACBP=28
 413A:0006 1018 C=CODE   S=CNCCAUTO_TEXT  G=(none) M=..\cnccamp\cnccauto.cpp ACBP=28
 423B:000E 0963 C=CODE   S=CNCXUPR_TEXT   G=(none) M=..\cncdrc\cncxupr.cpp ACBP=28
 42D2:0001 08F2 C=CODE   S=CNCTEND_TEXT   G=(none) M=..\cncdrc\cnctend.cpp ACBP=28
 4361:0003 094A C=CODE   S=CNCTCOM2_TEXT  G=(none) M=..\cncdrc\cnctcom2.cpp ACBP=28
 43F5:000D 0A6F C=CODE   S=CNCSUPR_TEXT   G=(none) M=..\cncdrc\cncsupr.cpp ACBP=28
 449C:000C 027F C=CODE   S=CNCMUP_TEXT    G=(none) M=..\cncdrc\cncmup.cpp ACBP=28
 44C4:000B 0A35 C=CODE   S=CNCIREF_TEXT   G=(none) M=..\cncdrc\cnciref.cpp ACBP=28
 4568:0000 147A C=CODE   S=CNCIPOS_TEXT   G=(none) M=..\cncdrc\cncipos.cpp ACBP=28
 46AF:000A 0910 C=CODE   S=CNCILIN_TEXT   G=(none) M=..\cncdrc\cncilin.cpp ACBP=28
 4740:000A 0FBB C=CODE   S=CNCIEOK_TEXT   G=(none) M=..\cncdrc\cncieok.cpp ACBP=28
 483C:0005 1E23 C=CODE   S=CNCIAX_TEXT    G=(none) M=..\cncdrc\cnciax.cpp ACBP=28
 4A1E:0008 07E9 C=CODE   S=CNCDTIME_TEXT  G=(none) M=..\cncdrc\cncdtime.cpp ACBP=28
 4A9D:0001 077E C=CODE   S=CNCDRC_TEXT    G=(none) M=..\cncdrc\cncdrc.cpp ACBP=28
 4B14:000F 0000 C=CODE   S=CNCDCAP_TEXT   G=(none) M=..\cncdrc\cncdcap.cpp ACBP=28
 4B14:000F 0DAD C=CODE   S=CNCCAMP_TEXT   G=(none) M=..\cncdrc\cnccamp.cpp ACBP=28
 4BEF:000C 0118 C=CODE   S=CNCTEDI_TEXT   G=(none) M=..\cncshow\cnctedi.cpp ACBP=28
 4C01:0004 0004 C=CODE   S=CNCSVAR_TEXT   G=(none) M=..\cncshow\cncsvar.cpp ACBP=28
 4C01:0008 0633 C=CODE   S=CNCSTIO_TEXT   G=(none) M=..\cncshow\cncstio.cpp ACBP=28
 4C64:000B 26CE C=CODE   S=CNCSTEDC_TEXT  G=(none) M=..\cncshow\cncstedc.cpp ACBP=28
 4ED1:0009 02B7 C=CODE   S=CNCSRMSG_TEXT  G=(none) M=..\cncshow\cncsrmsg.cpp ACBP=28
 4EFD:0000 0463 C=CODE   S=CNCSMAN_TEXT   G=(none) M=..\cncshow\cncsman.cpp ACBP=28
 4F43:0003 1C87 C=CODE   S=CNCSKOR_TEXT   G=(none) M=..\cncshow\cncskor.cpp ACBP=28
 510B:000A 0179 C=CODE   S=CNCSJOG_TEXT   G=(none) M=..\cncshow\cncsjog.cpp ACBP=28
 5123:0003 03A5 C=CODE   S=CNCSHOW_TEXT   G=(none) M=..\cncshow\cncshow.cpp ACBP=28
 515D:0008 07AC C=CODE   S=CNCSGSTR_TEXT  G=(none) M=..\cncshow\cncsgstr.cpp ACBP=28
 51D8:0004 0623 C=CODE   S=CNCSGSC_TEXT   G=(none) M=..\cncshow\cncsgsc.cpp ACBP=28
 523A:0007 0704 C=CODE   S=CNCSGEOM_TEXT  G=(none) M=..\cncshow\cncsgeom.cpp ACBP=28
 52AA:000B 0007 C=CODE   S=CNCSGDC_TEXT   G=(none) M=..\cncshow\cncsgdc.cpp ACBP=28
 52AB:0002 02BA C=CODE   S=CNCSFUN_TEXT   G=(none) M=..\cncshow\cncsfun.cpp ACBP=28
 52D6:000C 0B6F C=CODE   S=CNCSFSPR_TEXT  G=(none) M=..\cncshow\cncsfspr.cpp ACBP=28
 538D:000B 2063 C=CODE   S=CNCSFH_TEXT    G=(none) M=..\cncshow\cncsfh.cpp ACBP=28
 5593:000E 061E C=CODE   S=CNCSEDIT_TEXT  G=(none) M=..\cncshow\cncsedit.cpp ACBP=28
 55F5:000C 0AE7 C=CODE   S=CNCSDIAG_TEXT  G=(none) M=..\cncshow\cncsdiag.cpp ACBP=28
 56A4:0003 034A C=CODE   S=CNCSCWND_TEXT  G=(none) M=..\cncshow\cncscwnd.cpp ACBP=28
 56D8:000D 072D C=CODE   S=CNCSCR_TEXT    G=(none) M=..\cncshow\cncscr.cpp ACBP=28
 574B:000A 045A C=CODE   S=CNCSCMPR_TEXT  G=(none) M=..\cncshow\cncscmpr.cpp ACBP=28
 5791:0004 0485 C=CODE   S=CNCSBEG_TEXT   G=(none) M=..\cncshow\cncsbeg.cpp ACBP=28
 57D9:0009 0D76 C=CODE   S=CNCSAUTO_TEXT  G=(none) M=..\cncshow\cncsauto.cpp ACBP=28
 58B0:000F 0000 C=CODE   S=CNCUNPAC_TEXT  G=(none) M=..\cnccom\cncunpac.cpp ACBP=28
 58B0:000F 0000 C=CODE   S=CNCUN3_TEXT    G=(none) M=..\cnccom\cncun3.cpp ACBP=28
 58B0:000F 0000 C=CODE   S=CNCUN2_TEXT    G=(none) M=..\cnccom\cncun2.cpp ACBP=28
 58B0:000F 0000 C=CODE   S=CNCUN1_TEXT    G=(none) M=..\cnccom\cncun1.cpp ACBP=28
 58B0:000F 0BF6 C=CODE   S=CNCPAR_TEXT    G=(none) M=..\cnccom\cncpar.cpp ACBP=28
 5970:0005 0000 C=CODE   S=CNCINTF_TEXT   G=(none) M=..\cnccom\cncintf.cpp ACBP=28
 5970:0005 0000 C=CODE   S=CNCINTB_TEXT   G=(none) M=..\cnccom\cncintb.cpp ACBP=28
 5970:0005 0000 C=CODE   S=CNCINT_TEXT    G=(none) M=..\cnccom\cncint.cpp ACBP=28
 5970:0005 0000 C=CODE   S=CNCHARD_TEXT   G=(none) M=..\cnccom\cnchard.cpp ACBP=28
 5970:0005 00A7 C=CODE   S=CNCED_TEXT     G=(none) M=..\cnccom\cnced.cpp ACBP=28
 597A:000C 0000 C=CODE   S=CNCCSTAT_TEXT  G=(none) M=..\cnccom\cnccstat.cpp ACBP=28
 597B:0000 01E1 C=CODE   S=E87_PROG       G=(none) M=e87trap    ACBP=68
 597B:01F0 03D0 C=CODE   S=E87_PROG       G=(none) M=emu087     ACBP=68
 597B:05C0 0000 C=CODE   S=E87_PROG       G=(none) M=fp87init   ACBP=68
 59D7:0000 08C0 C=CODE   S=_TEXTA         G=(none)  M=ioststd    ACBP=28
 59D7:08C0 00AE C=CODE   S=_TEXTA         G=(none)  M=fsbclose   ACBP=28
 59D7:096E 016D C=CODE   S=_TEXTA         G=(none)  M=fsbctr1    ACBP=28
 59D7:0ADB 016E C=CODE   S=_TEXTA         G=(none)  M=fsbctr2    ACBP=28
 59D7:0C49 00F8 C=CODE   S=_TEXTA         G=(none)  M=fsbdtr     ACBP=28
 59D7:0D41 0150 C=CODE   S=_TEXTA         G=(none)  M=fsboflow   ACBP=28
 59D7:0E91 0167 C=CODE   S=_TEXTA         G=(none)  M=fsbopen    ACBP=28
 59D7:0FF8 00C5 C=CODE   S=_TEXTA         G=(none)  M=fsbsbuf    ACBP=28
 59D7:10BD 01B6 C=CODE   S=_TEXTA         G=(none)  M=fsbskoff   ACBP=28
 59D7:1273 01CA C=CODE   S=_TEXTA         G=(none)  M=fsbsync    ACBP=28
 59D7:143D 01BB C=CODE   S=_TEXTA         G=(none)  M=fsbuflow   ACBP=28
 59D7:15F8 01C1 C=CODE   S=_TEXTA         G=(none)  M=fsctr2     ACBP=28
 59D7:17B9 0186 C=CODE   S=_TEXTA         G=(none)  M=fsdtr      ACBP=28
 59D7:193F 006A C=CODE   S=_TEXTA         G=(none)  M=fsopen     ACBP=28
 59D7:19A9 0267 C=CODE   S=_TEXTA         G=(none)  M=ifsctr2    ACBP=28
 59D7:1C10 023E C=CODE   S=_TEXTA         G=(none)  M=ifsdtr     ACBP=28
 59D7:1E4E 0024 C=CODE   S=_TEXTA         G=(none)  M=istasn2    ACBP=28
 59D7:1E72 011F C=CODE   S=_TEXTA         G=(none)  M=istctr1    ACBP=28
 59D7:1F91 015D C=CODE   S=_TEXTA         G=(none)  M=istctr4    ACBP=28
 59D7:20EE 0102 C=CODE   S=_TEXTA         G=(none)  M=istdipfx   ACBP=28
 59D7:21F0 00E8 C=CODE   S=_TEXTA         G=(none)  M=istdtr1    ACBP=28
 59D7:22D8 014F C=CODE   S=_TEXTA         G=(none)  M=istdtr2    ACBP=28
 59D7:2427 00AD C=CODE   S=_TEXTA         G=(none)  M=isteatwh   ACBP=28
 59D7:24D4 003E C=CODE   S=_TEXTA         G=(none)  M=isteint    ACBP=28
 59D7:2512 050D C=CODE   S=_TEXTA         G=(none)  M=istelng    ACBP=28
 59D7:2A1F 00E8 C=CODE   S=_TEXTA         G=(none)  M=istread    ACBP=28
 59D7:2B07 0030 C=CODE   S=_TEXTA         G=(none)  M=ostasn2    ACBP=28
 59D7:2B37 0119 C=CODE   S=_TEXTA         G=(none)  M=ostctr1    ACBP=28
 59D7:2C50 015D C=CODE   S=_TEXTA         G=(none)  M=ostctr3    ACBP=28
 59D7:2DAD 0112 C=CODE   S=_TEXTA         G=(none)  M=ostdtr1    ACBP=28
 59D7:2EBF 014F C=CODE   S=_TEXTA         G=(none)  M=ostdtr2    ACBP=28
 59D7:300E 004C C=CODE   S=_TEXTA         G=(none)  M=ostflush   ACBP=28
 59D7:305A 0386 C=CODE   S=_TEXTA         G=(none)  M=ostint     ACBP=28
 59D7:33E0 0043 C=CODE   S=_TEXTA         G=(none)  M=ostopfx    ACBP=28
 59D7:3423 0058 C=CODE   S=_TEXTA         G=(none)  M=ostosfx    ACBP=28
 59D7:347B 02F8 C=CODE   S=_TEXTA         G=(none)  M=ostoutst   ACBP=28
 59D7:3773 0054 C=CODE   S=_TEXTA         G=(none)  M=ostwrite   ACBP=28
 59D7:37C7 004D C=CODE   S=_TEXTA         G=(none)  M=stbalc     ACBP=28
 59D7:3814 00ED C=CODE   S=_TEXTA         G=(none)  M=stbctr1    ACBP=28
 59D7:3901 0030 C=CODE   S=_TEXTA         G=(none)  M=stbdnext   ACBP=28
 59D7:3931 00B8 C=CODE   S=_TEXTA         G=(none)  M=stbdsgtn   ACBP=28
 59D7:39E9 00A8 C=CODE   S=_TEXTA         G=(none)  M=stbdsptn   ACBP=28
 59D7:3A91 0091 C=CODE   S=_TEXTA         G=(none)  M=stbdtr     ACBP=28
 59D7:3B22 0008 C=CODE   S=_TEXTA         G=(none)  M=stboflow   ACBP=28
 59D7:3B2A 0008 C=CODE   S=_TEXTA         G=(none)  M=stbpbfl    ACBP=28
 59D7:3B32 0030 C=CODE   S=_TEXTA         G=(none)  M=stbsbuf    ACBP=28
 59D7:3B62 00B0 C=CODE   S=_TEXTA         G=(none)  M=stbsetb    ACBP=28
 59D7:3C12 006B C=CODE   S=_TEXTA         G=(none)  M=stbsetg    ACBP=28
 59D7:3C7D 0050 C=CODE   S=_TEXTA         G=(none)  M=stbsetp    ACBP=28
 59D7:3CCD 000B C=CODE   S=_TEXTA         G=(none)  M=stbskoff   ACBP=28
 59D7:3CD8 0027 C=CODE   S=_TEXTA         G=(none)  M=stbskpos   ACBP=28
 59D7:3CFF 0074 C=CODE   S=_TEXTA         G=(none)  M=stbsputn   ACBP=28
 59D7:3D73 0050 C=CODE   S=_TEXTA         G=(none)  M=stbsync    ACBP=28
 59D7:3DC3 0037 C=CODE   S=_TEXTA         G=(none)  M=stbuflow   ACBP=28
 59D7:3DFA 003E C=CODE   S=_TEXTA         G=(none)  M=stclear    ACBP=28
 59D7:3E38 008D C=CODE   S=_TEXTA         G=(none)  M=stctr1     ACBP=28
 59D7:3EC5 018E C=CODE   S=_TEXTA         G=(none)  M=stdtr      ACBP=28
 59D7:4053 0060 C=CODE   S=_TEXTA         G=(none)  M=stinit     ACBP=28
 59D7:40B3 00C7 C=CODE   S=_TEXTA         G=(none)  M=stsetf1    ACBP=28
 59D7:417A 0030 C=CODE   S=_TEXTA         G=(none)  M=stsetst    ACBP=28
 59D7:41AA 006E C=CODE   S=_TEXTA         G=(none)  M=sttie      ACBP=28
 5DF8:0008 00E9 C=CODE   S=_TEXTC         G=(none)  M=ctor2      ACBP=28
 5DF8:00F1 021C C=CODE   S=_TEXTC         G=(none)  M=ctor3      ACBP=28
 5DF8:030D 0949 C=CODE   S=_TEXTC         G=(none)  M=strings    ACBP=28
 5EBE:0000 0000 C=FAR_DATA S=_FARDATA       G=(none) M=c0.asm     ACBP=68
 5EBE:0000 1F40 C=FAR_DATA S=CNCDRCH5_DATA  G=(none) M=..\cncdrc\cncdrch.cpp ACBP=68
 60B2:0000 1000 C=FAR_DATA S=CNCUN15_DATA   G=(none) M=..\cnccom\cncun1.cpp ACBP=68
 61B2:0000 2C83 C=FAR_DATA S=CNCPAR5_DATA   G=(none) M=..\cnccom\cncpar.cpp ACBP=68
 647B:0000 0000 C=FAR_BSS S=_FARBSS        G=(none) M=c0.asm     ACBP=68
 647B:0000 0000 C=OVRINFO S=_OVERLAY_      G=(none) M=c0.asm     ACBP=68
 647B:0000 0000 C=STUBSEG S=_1STUB_        G=(none) M=c0.asm     ACBP=68
 647B:0000 0090 C=DATA   S=_DATA          G=DGROUP  M=c0.asm     ACBP=68
 647B:0090 0000 C=DATA   S=_DATA          G=DGROUP  M=..\cncdrc\cnciposs.cpp ACBP=48
 647B:0090 0000 C=DATA   S=_DATA          G=DGROUP  M=..\cnccom\cnciopar.cpp ACBP=48
 647B:0090 0000 C=DATA   S=_DATA          G=DGROUP  M=..\cncdrc\cncdrch.cpp ACBP=48
 647B:0090 0000 C=DATA   S=_DATA          G=DGROUP  M=..\cnccom\cnccsti.cpp ACBP=48
 647B:0090 0000 C=DATA   S=_DATA          G=DGROUP  M=cncotl.cpp ACBP=48
 647B:0090 04C4 C=DATA   S=_DATA          G=DGROUP  M=..\cncshow\cncsted.cpp ACBP=48
 647B:0554 0008 C=DATA   S=_DATA          G=DGROUP  M=..\cncunpac\cncuzsm.cpp ACBP=48
 647B:055C 0000 C=DATA   S=_DATA          G=DGROUP  M=..\cncunpac\cncuzero.cpp ACBP=48
 647B:055C 000C C=DATA   S=_DATA          G=DGROUP  M=..\cncunpac\cncuzcp.cpp ACBP=48
 647B:0568 0014 C=DATA   S=_DATA          G=DGROUP  M=..\cncunpac\cncuwkp.cpp ACBP=48
 647B:057C 0000 C=DATA   S=_DATA          G=DGROUP  M=..\cncunpac\cncuwerr.cpp ACBP=48
 647B:057C 0000 C=DATA   S=_DATA          G=DGROUP  M=..\cncunpac\cncusim.cpp ACBP=48
 647B:057C 0030 C=DATA   S=_DATA          G=DGROUP  M=..\cncunpac\cncur_pr.cpp ACBP=48
 647B:05AC 000E C=DATA   S=_DATA          G=DGROUP  M=..\cncunpac\cncunums.cpp ACBP=48
 647B:05BA 0056 C=DATA   S=_DATA          G=DGROUP  M=..\cncunpac\cncunumf.cpp ACBP=48
 647B:0610 0000 C=DATA   S=_DATA          G=DGROUP  M=..\cncunpac\cncunul.cpp ACBP=48
 647B:0610 000E C=DATA   S=_DATA          G=DGROUP  M=..\cncunpac\cncunp3.cpp ACBP=48
 647B:061E 000C C=DATA   S=_DATA          G=DGROUP  M=..\cncunpac\cncunp2.cpp ACBP=48
 647B:062A 000F C=DATA   S=_DATA          G=DGROUP  M=..\cncunpac\cncunp1.cpp ACBP=48
 647B:063A 0014 C=DATA   S=_DATA          G=DGROUP  M=..\cncunpac\cncuintf.cpp ACBP=48
 647B:064E 0020 C=DATA   S=_DATA          G=DGROUP  M=..\cncunpac\cncugran.cpp ACBP=48
 647B:066E 0008 C=DATA   S=_DATA          G=DGROUP  M=..\cncunpac\cncugr4.cpp ACBP=48
 647B:0676 0020 C=DATA   S=_DATA          G=DGROUP  M=..\cncunpac\cncuform.cpp ACBP=48
 647B:0696 0040 C=DATA   S=_DATA          G=DGROUP  M=..\cncunpac\cncufom.cpp ACBP=48
 647B:06D6 0000 C=DATA   S=_DATA          G=DGROUP  M=..\cncunpac\cncufnum.cpp ACBP=48
 647B:06D6 0000 C=DATA   S=_DATA          G=DGROUP  M=..\cncunpac\cncufnm.cpp ACBP=48
 647B:06D6 0010 C=DATA   S=_DATA          G=DGROUP  M=..\cncunpac\cncuends.cpp ACBP=48
 647B:06E6 0000 C=DATA   S=_DATA          G=DGROUP  M=..\cncunpac\cncuasim.cpp ACBP=48
 647B:06E6 0028 C=DATA   S=_DATA          G=DGROUP  M=..\cncunpac\cncuana.cpp ACBP=48
 647B:070E 0000 C=DATA   S=_DATA          G=DGROUP  M=..\cnctime\cnctszr.cpp ACBP=48
 647B:070E 0000 C=DATA   S=_DATA          G=DGROUP  M=..\cnctime\cnctstp.cpp ACBP=48
 647B:070E 0000 C=DATA   S=_DATA          G=DGROUP  M=..\cnctime\cnctsm.cpp ACBP=48
 647B:070E 0000 C=DATA   S=_DATA          G=DGROUP  M=..\cnctime\cnctrpr.cpp ACBP=48
 647B:070E 0004 C=DATA   S=_DATA          G=DGROUP  M=..\cnctime\cnctres.cpp ACBP=48
 647B:0712 0000 C=DATA   S=_DATA          G=DGROUP  M=..\cnctime\cnctrc2.cpp ACBP=48
 647B:0712 0000 C=DATA   S=_DATA          G=DGROUP  M=..\cnctime\cnctrc1.cpp ACBP=48
 647B:0712 0000 C=DATA   S=_DATA          G=DGROUP  M=..\cnctime\cnctpoin.cpp ACBP=48
 647B:0712 0000 C=DATA   S=_DATA          G=DGROUP  M=..\cnctime\cnctmm.cpp ACBP=48
 647B:0712 0002 C=DATA   S=_DATA          G=DGROUP  M=..\cnctime\cnctmfun.cpp ACBP=48
 647B:0714 0000 C=DATA   S=_DATA          G=DGROUP  M=..\cnctime\cnctio.cpp ACBP=48
 647B:0714 0004 C=DATA   S=_DATA          G=DGROUP  M=..\cnctime\cnctinfm.cpp ACBP=48
 647B:0718 0000 C=DATA   S=_DATA          G=DGROUP  M=..\cnctime\cnctcom1.cpp ACBP=48
 647B:0718 0000 C=DATA   S=_DATA          G=DGROUP  M=..\cnctime\cnctcm.cpp ACBP=48
 647B:0718 0000 C=DATA   S=_DATA          G=DGROUP  M=..\cnctime\cnctbgn.cpp ACBP=48
 647B:0718 0004 C=DATA   S=_DATA          G=DGROUP  M=..\cncserr\zapic.cpp ACBP=48
 647B:071C 0000 C=DATA   S=_DATA          G=DGROUP  M=..\cncserr\ob_out.cpp ACBP=48
 647B:071C 0002 C=DATA   S=_DATA          G=DGROUP  M=..\cncserr\ob_kon2.cpp ACBP=48
 647B:071E 0002 C=DATA   S=_DATA          G=DGROUP  M=..\cncserr\ob_kon.cpp ACBP=48
 647B:0720 0000 C=DATA   S=_DATA          G=DGROUP  M=..\cncserr\ob_in.cpp ACBP=48
 647B:0720 0002 C=DATA   S=_DATA          G=DGROUP  M=..\cncserr\mistake.cpp ACBP=48
 647B:0722 000B C=DATA   S=_DATA          G=DGROUP  M=..\cncserr\glav.cpp ACBP=48
 647B:072E 000B C=DATA   S=_DATA          G=DGROUP  M=..\cncserr\diag.cpp ACBP=48
 647B:073A 0014 C=DATA   S=_DATA          G=DGROUP  M=..\cncserr\avtoyp.cpp ACBP=48
 647B:074E 0004 C=DATA   S=_DATA          G=DGROUP  M=..\cncdrv\cncisref.cpp ACBP=48
 647B:0752 0000 C=DATA   S=_DATA          G=DGROUP  M=..\cncdrv\cncispoz.cpp ACBP=48
 647B:0752 0000 C=DATA   S=_DATA          G=DGROUP  M=..\cncdrv\cncires.cpp ACBP=48
 647B:0752 0000 C=DATA   S=_DATA          G=DGROUP  M=..\cncdrv\cncieoks.cpp ACBP=48
 647B:0752 0030 C=DATA   S=_DATA          G=DGROUP  M=..\cncdrv\cncicrfn.cpp ACBP=48
 647B:0782 0008 C=DATA   S=_DATA          G=DGROUP  M=..\cncci\cncciuna.cpp ACBP=48
 647B:078A 0008 C=DATA   S=_DATA          G=DGROUP  M=..\cncci\cnccisvl.cpp ACBP=48
 647B:0792 000E C=DATA   S=_DATA          G=DGROUP  M=..\cncci\cnccism0.cpp ACBP=48
 647B:07A0 0008 C=DATA   S=_DATA          G=DGROUP  M=..\cncci\cnccirnd.cpp ACBP=48
 647B:07A8 0024 C=DATA   S=_DATA          G=DGROUP  M=..\cncci\cnccirnc.cpp ACBP=48
 647B:07CC 0004 C=DATA   S=_DATA          G=DGROUP  M=..\cncci\cnccirds.cpp ACBP=48
 647B:07D0 0008 C=DATA   S=_DATA          G=DGROUP  M=..\cncci\cnccipol.cpp ACBP=48
 647B:07D8 002C C=DATA   S=_DATA          G=DGROUP  M=..\cncci\cnccimrr.cpp ACBP=48
 647B:0804 002C C=DATA   S=_DATA          G=DGROUP  M=..\cncci\cnccill.cpp ACBP=48
 647B:0830 004C C=DATA   S=_DATA          G=DGROUP  M=..\cncci\cnccikrg.cpp ACBP=48
 647B:087C 000C C=DATA   S=_DATA          G=DGROUP  M=..\cncci\cnccikcn.cpp ACBP=48
 647B:0888 0040 C=DATA   S=_DATA          G=DGROUP  M=..\cncci\cncciinp.cpp ACBP=48
 647B:08C8 001C C=DATA   S=_DATA          G=DGROUP  M=..\cncci\cnccieqv.cpp ACBP=48
 647B:08E4 0008 C=DATA   S=_DATA          G=DGROUP  M=..\cncci\cnccict.cpp ACBP=48
 647B:08EC 0040 C=DATA   S=_DATA          G=DGROUP  M=..\cncci\cnccicrs.cpp ACBP=48
 647B:092C 0000 C=DATA   S=_DATA          G=DGROUP  M=..\cnccamp\cncctok.cpp ACBP=48
 647B:092C 0000 C=DATA   S=_DATA          G=DGROUP  M=..\cnccamp\cnccstr.cpp ACBP=48
 647B:092C 0020 C=DATA   S=_DATA          G=DGROUP  M=..\cnccamp\cnccrrdp.cpp ACBP=48
 647B:094C 0000 C=DATA   S=_DATA          G=DGROUP  M=..\cnccamp\cnccrm.cpp ACBP=48
 647B:094C 0000 C=DATA   S=_DATA          G=DGROUP  M=..\cnccamp\cnccref.cpp ACBP=48
 647B:094C 0000 C=DATA   S=_DATA          G=DGROUP  M=..\cnccamp\cnccoutk.cpp ACBP=48
 647B:094C 0004 C=DATA   S=_DATA          G=DGROUP  M=..\cnccamp\cnccman.cpp ACBP=48
 647B:0950 0010 C=DATA   S=_DATA          G=DGROUP  M=..\cnccamp\cnccfrs.cpp ACBP=48
 647B:0960 0000 C=DATA   S=_DATA          G=DGROUP  M=..\cnccamp\cnccauto.cpp ACBP=48
 647B:0960 0000 C=DATA   S=_DATA          G=DGROUP  M=..\cncdrc\cncxupr.cpp ACBP=48
 647B:0960 0000 C=DATA   S=_DATA          G=DGROUP  M=..\cncdrc\cnctend.cpp ACBP=48
 647B:0960 0000 C=DATA   S=_DATA          G=DGROUP  M=..\cncdrc\cnctcom2.cpp ACBP=48
 647B:0960 0000 C=DATA   S=_DATA          G=DGROUP  M=..\cncdrc\cncsupr.cpp ACBP=48
 647B:0960 0000 C=DATA   S=_DATA          G=DGROUP  M=..\cncdrc\cncmup.cpp ACBP=48
 647B:0960 0004 C=DATA   S=_DATA          G=DGROUP  M=..\cncdrc\cnciref.cpp ACBP=48
 647B:0964 0000 C=DATA   S=_DATA          G=DGROUP  M=..\cncdrc\cncipos.cpp ACBP=48
 647B:0964 0000 C=DATA   S=_DATA          G=DGROUP  M=..\cncdrc\cncilin.cpp ACBP=48
 647B:0964 0000 C=DATA   S=_DATA          G=DGROUP  M=..\cncdrc\cncieok.cpp ACBP=48
 647B:0964 0000 C=DATA   S=_DATA          G=DGROUP  M=..\cncdrc\cnciax.cpp ACBP=48
 647B:0964 0008 C=DATA   S=_DATA          G=DGROUP  M=..\cncdrc\cncdtime.cpp ACBP=48
 647B:096C 0000 C=DATA   S=_DATA          G=DGROUP  M=..\cncdrc\cncdrc.cpp ACBP=48
 647B:096C 0020 C=DATA   S=_DATA          G=DGROUP  M=..\cncdrc\cncdcap.cpp ACBP=48
 647B:098C 0000 C=DATA   S=_DATA          G=DGROUP  M=..\cncdrc\cnccamp.cpp ACBP=48
 647B:098C 0001 C=DATA   S=_DATA          G=DGROUP  M=..\cncshow\cnctedi.cpp ACBP=48
 647B:098E 001C C=DATA   S=_DATA          G=DGROUP  M=..\cncshow\cncsvar.cpp ACBP=48
 647B:09AA 0000 C=DATA   S=_DATA          G=DGROUP  M=..\cncshow\cncstio.cpp ACBP=48
 647B:09AA 0019 C=DATA   S=_DATA          G=DGROUP  M=..\cncshow\cncstedc.cpp ACBP=48
 647B:09C4 0000 C=DATA   S=_DATA          G=DGROUP  M=..\cncshow\cncsrmsg.cpp ACBP=48
 647B:09C4 0000 C=DATA   S=_DATA          G=DGROUP  M=..\cncshow\cncsman.cpp ACBP=48
 647B:09C4 0000 C=DATA   S=_DATA          G=DGROUP  M=..\cncshow\cncskor.cpp ACBP=48
 647B:09C4 0000 C=DATA   S=_DATA          G=DGROUP  M=..\cncshow\cncsjog.cpp ACBP=48
 647B:09C4 0001 C=DATA   S=_DATA          G=DGROUP  M=..\cncshow\cncshow.cpp ACBP=48
 647B:09C6 0001 C=DATA   S=_DATA          G=DGROUP  M=..\cncshow\cncsgstr.cpp ACBP=48
 647B:09C8 0000 C=DATA   S=_DATA          G=DGROUP  M=..\cncshow\cncsgsc.cpp ACBP=48
 647B:09C8 005F C=DATA   S=_DATA          G=DGROUP  M=..\cncshow\cncsgeom.cpp ACBP=48
 647B:0A28 0000 C=DATA   S=_DATA          G=DGROUP  M=..\cncshow\cncsgdc.cpp ACBP=48
 647B:0A28 0000 C=DATA   S=_DATA          G=DGROUP  M=..\cncshow\cncsfun.cpp ACBP=48
 647B:0A28 003E C=DATA   S=_DATA          G=DGROUP  M=..\cncshow\cncsfspr.cpp ACBP=48
 647B:0A66 0025 C=DATA   S=_DATA          G=DGROUP  M=..\cncshow\cncsfh.cpp ACBP=48
 647B:0A8C 0000 C=DATA   S=_DATA          G=DGROUP  M=..\cncshow\cncsedit.cpp ACBP=48
 647B:0A8C 0000 C=DATA   S=_DATA          G=DGROUP  M=..\cncshow\cncsdiag.cpp ACBP=48
 647B:0A8C 0000 C=DATA   S=_DATA          G=DGROUP  M=..\cncshow\cncscwnd.cpp ACBP=48
 647B:0A8C 0015 C=DATA   S=_DATA          G=DGROUP  M=..\cncshow\cncscr.cpp ACBP=48
 647B:0AA2 000C C=DATA   S=_DATA          G=DGROUP  M=..\cncshow\cncscmpr.cpp ACBP=48
 647B:0AAE 0000 C=DATA   S=_DATA          G=DGROUP  M=..\cncshow\cncsbeg.cpp ACBP=48
 647B:0AAE 0002 C=DATA   S=_DATA          G=DGROUP  M=..\cncshow\cncsauto.cpp ACBP=48
 647B:0AB0 0000 C=DATA   S=_DATA          G=DGROUP  M=..\cnccom\cncunpac.cpp ACBP=48
 647B:0AB0 0000 C=DATA   S=_DATA          G=DGROUP  M=..\cnccom\cncun3.cpp ACBP=48
 647B:0AB0 0004 C=DATA   S=_DATA          G=DGROUP  M=..\cnccom\cncun2.cpp ACBP=48
 647B:0AB4 007E C=DATA   S=_DATA          G=DGROUP  M=..\cnccom\cncun1.cpp ACBP=48
 647B:0B32 005E C=DATA   S=_DATA          G=DGROUP  M=..\cnccom\cncpar.cpp ACBP=48
 647B:0B90 0000 C=DATA   S=_DATA          G=DGROUP  M=..\cnccom\cncintf.cpp ACBP=48
 647B:0B90 0000 C=DATA   S=_DATA          G=DGROUP  M=..\cnccom\cncintb.cpp ACBP=48
 647B:0B90 0009 C=DATA   S=_DATA          G=DGROUP  M=..\cnccom\cncint.cpp ACBP=48
 647B:0B9A 0068 C=DATA   S=_DATA          G=DGROUP  M=..\cnccom\cnchard.cpp ACBP=48
 647B:0C02 0024 C=DATA   S=_DATA          G=DGROUP  M=..\cnccom\cnced.cpp ACBP=48
 647B:0C26 0030 C=DATA   S=_DATA          G=DGROUP  M=..\cnccom\cnccstat.cpp ACBP=48
 647B:0C56 0002 C=DATA   S=_DATA          G=DGROUP  M=deflt87    ACBP=48
 647B:0C58 0004 C=DATA   S=_DATA          G=DGROUP  M=protflag   ACBP=48
 647B:0C60 0000 C=DATA   S=_DATA          G=DGROUP  M=e87trap    ACBP=68
 647B:0C60 0002 C=DATA   S=_DATA          G=DGROUP  M=fp87init   ACBP=68
 647B:0C62 0000 C=DATA   S=_DATA          G=DGROUP  M=atof       ACBP=48
 647B:0C62 0000 C=DATA   S=_DATA          G=DGROUP  M=efcvt      ACBP=48
 647B:0C62 003A C=DATA   S=_DATA          G=DGROUP  M=hugeval    ACBP=48
 647B:0C9C 0043 C=DATA   S=_DATA          G=DGROUP  M=mathwhy    ACBP=48
 647B:0CE0 0000 C=DATA   S=_DATA          G=DGROUP  M=strtod     ACBP=48
 647B:0CE0 0000 C=DATA   S=_DATA          G=DGROUP  M=atan       ACBP=48
 647B:0CE0 0000 C=DATA   S=_DATA          G=DGROUP  M=fabs       ACBP=48
 647B:0CE0 0000 C=DATA   S=_DATA          G=DGROUP  M=ldtrunc    ACBP=48
 647B:0CE0 0000 C=DATA   S=_DATA          G=DGROUP  M=realcvt2   ACBP=48
 647B:0CE0 0000 C=DATA   S=_DATA          G=DGROUP  M=round      ACBP=48
 647B:0CE0 0018 C=DATA   S=_DATA          G=DGROUP  M=scantod2   ACBP=48
 647B:0CF8 0000 C=DATA   S=_DATA          G=DGROUP  M=xcvt       ACBP=48
 647B:0CF8 0000 C=DATA   S=_DATA          G=DGROUP  M=matherr    ACBP=48
 647B:0CF8 0000 C=DATA   S=_DATA          G=DGROUP  M=pow10d     ACBP=48
 647B:0CF8 000E C=DATA   S=_DATA          G=DGROUP  M=_matherr   ACBP=48
 647B:0D06 000C C=DATA   S=_DATA          G=DGROUP  M=cos        ACBP=48
 647B:0D12 0000 C=DATA   S=_DATA          G=DGROUP  M=modf       ACBP=48
 647B:0D12 0010 C=DATA   S=_DATA          G=DGROUP  M=pow        ACBP=48
 647B:0D22 000C C=DATA   S=_DATA          G=DGROUP  M=sin        ACBP=48
 647B:0D2E 000D C=DATA   S=_DATA          G=DGROUP  M=sqrt       ACBP=48
 647B:0D3C 000C C=DATA   S=_DATA          G=DGROUP  M=tan        ACBP=48
 647B:0D48 0080 C=DATA   S=_DATA          G=DGROUP  M=_pow10     ACBP=48
 647B:0DC8 009A C=DATA   S=_DATA          G=DGROUP  M=fperr      ACBP=48
 647B:0E62 0000 C=DATA   S=_DATA          G=DGROUP  M=fftol      ACBP=48
 647B:0E62 0000 C=DATA   S=_DATA          G=DGROUP  M=bioscom    ACBP=48
 647B:0E62 0002 C=DATA   S=_DATA          G=DGROUP  M=wscroll    ACBP=48
 647B:0E64 0000 C=DATA   S=_DATA          G=DGROUP  M=vram       ACBP=48
 647B:0E64 0000 C=DATA   S=_DATA          G=DGROUP  M=clreol     ACBP=48
 647B:0E64 0000 C=DATA   S=_DATA          G=DGROUP  M=clrscr     ACBP=48
 647B:0E64 0000 C=DATA   S=_DATA          G=DGROUP  M=color      ACBP=48
 647B:0E64 0000 C=DATA   S=_DATA          G=DGROUP  M=cprintf    ACBP=48
 647B:0E64 0000 C=DATA   S=_DATA          G=DGROUP  M=cputs      ACBP=48
 647B:0E64 0000 C=DATA   S=_DATA          G=DGROUP  M=cursor     ACBP=48
 647B:0E64 0000 C=DATA   S=_DATA          G=DGROUP  M=gotoxy     ACBP=48
 647B:0E64 0000 C=DATA   S=_DATA          G=DGROUP  M=gptext     ACBP=48
 647B:0E64 0000 C=DATA   S=_DATA          G=DGROUP  M=movetext   ACBP=48
 647B:0E64 0000 C=DATA   S=_DATA          G=DGROUP  M=putch      ACBP=48
 647B:0E64 0000 C=DATA   S=_DATA          G=DGROUP  M=screen     ACBP=48
 647B:0E64 0000 C=DATA   S=_DATA          G=DGROUP  M=scroll     ACBP=48
 647B:0E64 0000 C=DATA   S=_DATA          G=DGROUP  M=textmode   ACBP=48
 647B:0E64 0000 C=DATA   S=_DATA          G=DGROUP  M=vidinfo    ACBP=48
 647B:0E64 0000 C=DATA   S=_DATA          G=DGROUP  M=wherexy    ACBP=48
 647B:0E64 0000 C=DATA   S=_DATA          G=DGROUP  M=window     ACBP=48
 647B:0E64 0019 C=DATA   S=_DATA          G=DGROUP  M=crtinit    ACBP=48
 647B:0E7E 0000 C=DATA   S=_DATA          G=DGROUP  M=getch      ACBP=48
 647B:0E7E 0002 C=DATA   S=_DATA          G=DGROUP  M=kbhit      ACBP=48
 647B:0E80 0000 C=DATA   S=_DATA          G=DGROUP  M=_stpcpy    ACBP=48
 647B:0E80 0000 C=DATA   S=_DATA          G=DGROUP  M=strpbrk    ACBP=48
 647B:0E80 0000 C=DATA   S=_DATA          G=DGROUP  M=memcmp     ACBP=48
 647B:0E80 0000 C=DATA   S=_DATA          G=DGROUP  M=memcpy     ACBP=48
 647B:0E80 0000 C=DATA   S=_DATA          G=DGROUP  M=memset     ACBP=48
 647B:0E80 0000 C=DATA   S=_DATA          G=DGROUP  M=movmem     ACBP=48
 647B:0E80 0000 C=DATA   S=_DATA          G=DGROUP  M=strcat     ACBP=48
 647B:0E80 0000 C=DATA   S=_DATA          G=DGROUP  M=strcmp     ACBP=48
 647B:0E80 0000 C=DATA   S=_DATA          G=DGROUP  M=strcpy     ACBP=48
 647B:0E80 0000 C=DATA   S=_DATA          G=DGROUP  M=strlen     ACBP=48
 647B:0E80 0000 C=DATA   S=_DATA          G=DGROUP  M=strncpy    ACBP=48
 647B:0E80 0000 C=DATA   S=_DATA          G=DGROUP  M=strrev     ACBP=48
 647B:0E80 0000 C=DATA   S=_DATA          G=DGROUP  M=strstr     ACBP=48
 647B:0E80 03E8 C=DATA   S=_DATA          G=DGROUP  M=files      ACBP=48
 647B:1268 0066 C=DATA   S=_DATA          G=DGROUP  M=files2     ACBP=48
 647B:12CE 0004 C=DATA   S=_DATA          G=DGROUP  M=fmode      ACBP=48
 647B:12D2 0009 C=DATA   S=_DATA          G=DGROUP  M=mkname     ACBP=48
 647B:12DC 0000 C=DATA   S=_DATA          G=DGROUP  M=setupio    ACBP=48
 647B:12DC 0000 C=DATA   S=_DATA          G=DGROUP  M=xclose     ACBP=48
 647B:12DC 005B C=DATA   S=_DATA          G=DGROUP  M=ioerror    ACBP=48
 647B:1338 0000 C=DATA   S=_DATA          G=DGROUP  M=isatty     ACBP=48
 647B:1338 0000 C=DATA   S=_DATA          G=DGROUP  M=lseek      ACBP=48
 647B:1338 0000 C=DATA   S=_DATA          G=DGROUP  M=reada      ACBP=48
 647B:1338 0080 C=DATA   S=_DATA          G=DGROUP  M=scanner    ACBP=48
 647B:13B8 0000 C=DATA   S=_DATA          G=DGROUP  M=unlink     ACBP=48
 647B:13B8 0067 C=DATA   S=_DATA          G=DGROUP  M=vprinter   ACBP=48
 647B:1420 0000 C=DATA   S=_DATA          G=DGROUP  M=readu      ACBP=48
 647B:1420 0000 C=DATA   S=_DATA          G=DGROUP  M=writeu     ACBP=48
 647B:1420 0000 C=DATA   S=_DATA          G=DGROUP  M=access     ACBP=48
 647B:1420 0000 C=DATA   S=_DATA          G=DGROUP  M=chmod      ACBP=48
 647B:1420 0000 C=DATA   S=_DATA          G=DGROUP  M=close      ACBP=48
 647B:1420 0000 C=DATA   S=_DATA          G=DGROUP  M=fclose     ACBP=48
 647B:1420 0000 C=DATA   S=_DATA          G=DGROUP  M=fflush     ACBP=48
 647B:1420 0000 C=DATA   S=_DATA          G=DGROUP  M=fgets      ACBP=48
 647B:1420 0000 C=DATA   S=_DATA          G=DGROUP  M=flushall   ACBP=48
 647B:1420 0000 C=DATA   S=_DATA          G=DGROUP  M=flushout   ACBP=48
 647B:1420 0000 C=DATA   S=_DATA          G=DGROUP  M=fnmerge    ACBP=48
 647B:1420 0000 C=DATA   S=_DATA          G=DGROUP  M=fnsplit    ACBP=48
 647B:1420 0000 C=DATA   S=_DATA          G=DGROUP  M=fopen      ACBP=48
 647B:1420 0000 C=DATA   S=_DATA          G=DGROUP  M=fprintf    ACBP=48
 647B:1420 0000 C=DATA   S=_DATA          G=DGROUP  M=fputs      ACBP=48
 647B:1420 0000 C=DATA   S=_DATA          G=DGROUP  M=fscanf     ACBP=48
 647B:1420 0000 C=DATA   S=_DATA          G=DGROUP  M=fseek      ACBP=48
 647B:1420 0000 C=DATA   S=_DATA          G=DGROUP  M=makepath   ACBP=48
 647B:1420 02D0 C=DATA   S=_DATA          G=DGROUP  M=perror     ACBP=48
 647B:16F0 0001 C=DATA   S=_DATA          G=DGROUP  M=putc       ACBP=48
 647B:16F2 0004 C=DATA   S=_DATA          G=DGROUP  M=setvbuf    ACBP=48
 647B:16F6 0000 C=DATA   S=_DATA          G=DGROUP  M=splitpth   ACBP=48
 647B:16F6 0000 C=DATA   S=_DATA          G=DGROUP  M=sprintf    ACBP=48
 647B:16F6 0000 C=DATA   S=_DATA          G=DGROUP  M=sscanf     ACBP=48
 647B:16F6 0000 C=DATA   S=_DATA          G=DGROUP  M=write      ACBP=48
 647B:16F6 0000 C=DATA   S=_DATA          G=DGROUP  M=xfclose    ACBP=48
 647B:16F6 0000 C=DATA   S=_DATA          G=DGROUP  M=xfflush    ACBP=48
 647B:16F6 0000 C=DATA   S=_DATA          G=DGROUP  M=_access    ACBP=48
 647B:16F6 0000 C=DATA   S=_DATA          G=DGROUP  M=chmoda     ACBP=48
 647B:16F6 0000 C=DATA   S=_DATA          G=DGROUP  M=closea     ACBP=48
 647B:16F6 0000 C=DATA   S=_DATA          G=DGROUP  M=eof        ACBP=48
 647B:16F6 0000 C=DATA   S=_DATA          G=DGROUP  M=findfirs   ACBP=48
 647B:16F6 0000 C=DATA   S=_DATA          G=DGROUP  M=getc       ACBP=48
 647B:16F6 0000 C=DATA   S=_DATA          G=DGROUP  M=open       ACBP=48
 647B:16F6 0000 C=DATA   S=_DATA          G=DGROUP  M=opena      ACBP=48
 647B:16F6 0000 C=DATA   S=_DATA          G=DGROUP  M=read       ACBP=48
 647B:16F6 0000 C=DATA   S=_DATA          G=DGROUP  M=rename     ACBP=48
 647B:16F6 0000 C=DATA   S=_DATA          G=DGROUP  M=ungetc     ACBP=48
 647B:16F6 0000 C=DATA   S=_DATA          G=DGROUP  M=writea     ACBP=48
 647B:16F6 0000 C=DATA   S=_DATA          G=DGROUP  M=ioctl      ACBP=48
 647B:16F6 0000 C=DATA   S=_DATA          G=DGROUP  M=ioststd    ACBP=48
 647B:16F6 0000 C=DATA   S=_DATA          G=DGROUP  M=fsbclose   ACBP=48
 647B:16F6 0034 C=DATA   S=_DATA          G=DGROUP  M=fsbctr1    ACBP=48
 647B:172A 0034 C=DATA   S=_DATA          G=DGROUP  M=fsbctr2    ACBP=48
 647B:175E 0036 C=DATA   S=_DATA          G=DGROUP  M=fsbdtr     ACBP=48
 647B:1794 0000 C=DATA   S=_DATA          G=DGROUP  M=fsboflow   ACBP=48
 647B:1794 0000 C=DATA   S=_DATA          G=DGROUP  M=fsbopen    ACBP=48
 647B:1794 0000 C=DATA   S=_DATA          G=DGROUP  M=fsbsbuf    ACBP=48
 647B:1794 0000 C=DATA   S=_DATA          G=DGROUP  M=fsbskoff   ACBP=48
 647B:1794 0000 C=DATA   S=_DATA          G=DGROUP  M=fsbsync    ACBP=48
 647B:1794 0000 C=DATA   S=_DATA          G=DGROUP  M=fsbuflow   ACBP=48
 647B:1794 0014 C=DATA   S=_DATA          G=DGROUP  M=fsctr2     ACBP=48
 647B:17A8 0014 C=DATA   S=_DATA          G=DGROUP  M=fsdtr      ACBP=48
 647B:17BC 0000 C=DATA   S=_DATA          G=DGROUP  M=fsopen     ACBP=48
 647B:17BC 001C C=DATA   S=_DATA          G=DGROUP  M=ifsctr2    ACBP=48
 647B:17D8 001C C=DATA   S=_DATA          G=DGROUP  M=ifsdtr     ACBP=48
 647B:17F4 0000 C=DATA   S=_DATA          G=DGROUP  M=istasn2    ACBP=48
 647B:17F4 0014 C=DATA   S=_DATA          G=DGROUP  M=istctr1    ACBP=48
 647B:1808 0014 C=DATA   S=_DATA          G=DGROUP  M=istctr4    ACBP=48
 647B:181C 0000 C=DATA   S=_DATA          G=DGROUP  M=istdipfx   ACBP=48
 647B:181C 0014 C=DATA   S=_DATA          G=DGROUP  M=istdtr1    ACBP=48
 647B:1830 0014 C=DATA   S=_DATA          G=DGROUP  M=istdtr2    ACBP=48
 647B:1844 0000 C=DATA   S=_DATA          G=DGROUP  M=isteatwh   ACBP=48
 647B:1844 0000 C=DATA   S=_DATA          G=DGROUP  M=isteint    ACBP=48
 647B:1844 0000 C=DATA   S=_DATA          G=DGROUP  M=istelng    ACBP=48
 647B:1844 0000 C=DATA   S=_DATA          G=DGROUP  M=istread    ACBP=48
 647B:1844 0000 C=DATA   S=_DATA          G=DGROUP  M=ostasn2    ACBP=48
 647B:1844 0014 C=DATA   S=_DATA          G=DGROUP  M=ostctr1    ACBP=48
 647B:1858 0014 C=DATA   S=_DATA          G=DGROUP  M=ostctr3    ACBP=48
 647B:186C 0014 C=DATA   S=_DATA          G=DGROUP  M=ostdtr1    ACBP=48
 647B:1880 0014 C=DATA   S=_DATA          G=DGROUP  M=ostdtr2    ACBP=48
 647B:1894 0000 C=DATA   S=_DATA          G=DGROUP  M=ostflush   ACBP=48
 647B:1894 0036 C=DATA   S=_DATA          G=DGROUP  M=ostint     ACBP=48
 647B:18CA 0000 C=DATA   S=_DATA          G=DGROUP  M=ostopfx    ACBP=48
 647B:18CA 0000 C=DATA   S=_DATA          G=DGROUP  M=ostosfx    ACBP=48
 647B:18CA 0000 C=DATA   S=_DATA          G=DGROUP  M=ostoutst   ACBP=48
 647B:18CA 0000 C=DATA   S=_DATA          G=DGROUP  M=ostwrite   ACBP=48
 647B:18CA 0000 C=DATA   S=_DATA          G=DGROUP  M=stbalc     ACBP=48
 647B:18CA 0034 C=DATA   S=_DATA          G=DGROUP  M=stbctr1    ACBP=48
 647B:18FE 0000 C=DATA   S=_DATA          G=DGROUP  M=stbdnext   ACBP=48
 647B:18FE 0000 C=DATA   S=_DATA          G=DGROUP  M=stbdsgtn   ACBP=48
 647B:18FE 0000 C=DATA   S=_DATA          G=DGROUP  M=stbdsptn   ACBP=48
 647B:18FE 0034 C=DATA   S=_DATA          G=DGROUP  M=stbdtr     ACBP=48
 647B:1932 0000 C=DATA   S=_DATA          G=DGROUP  M=stboflow   ACBP=48
 647B:1932 0000 C=DATA   S=_DATA          G=DGROUP  M=stbpbfl    ACBP=48
 647B:1932 0000 C=DATA   S=_DATA          G=DGROUP  M=stbsbuf    ACBP=48
 647B:1932 0000 C=DATA   S=_DATA          G=DGROUP  M=stbsetb    ACBP=48
 647B:1932 0000 C=DATA   S=_DATA          G=DGROUP  M=stbsetg    ACBP=48
 647B:1932 0000 C=DATA   S=_DATA          G=DGROUP  M=stbsetp    ACBP=48
 647B:1932 0000 C=DATA   S=_DATA          G=DGROUP  M=stbskoff   ACBP=48
 647B:1932 0000 C=DATA   S=_DATA          G=DGROUP  M=stbskpos   ACBP=48
 647B:1932 0000 C=DATA   S=_DATA          G=DGROUP  M=stbsputn   ACBP=48
 647B:1932 0000 C=DATA   S=_DATA          G=DGROUP  M=stbsync    ACBP=48
 647B:1932 0000 C=DATA   S=_DATA          G=DGROUP  M=stbuflow   ACBP=48
 647B:1932 0000 C=DATA   S=_DATA          G=DGROUP  M=stclear    ACBP=48
 647B:1932 000C C=DATA   S=_DATA          G=DGROUP  M=stctr1     ACBP=48
 647B:193E 001E C=DATA   S=_DATA          G=DGROUP  M=stdtr      ACBP=48
 647B:195C 0000 C=DATA   S=_DATA          G=DGROUP  M=stinit     ACBP=48
 647B:195C 0000 C=DATA   S=_DATA          G=DGROUP  M=stsetf1    ACBP=48
 647B:195C 0000 C=DATA   S=_DATA          G=DGROUP  M=stsetst    ACBP=48
 647B:195C 0000 C=DATA   S=_DATA          G=DGROUP  M=sttie      ACBP=48
 647B:195C 003B C=DATA   S=_DATA          G=DGROUP  M=cconv      ACBP=48
 647B:1998 0101 C=DATA   S=_DATA          G=DGROUP  M=ctype      ACBP=48
 647B:1A9A 0000 C=DATA   S=_DATA          G=DGROUP  M=tolower    ACBP=48
 647B:1A9A 0000 C=DATA   S=_DATA          G=DGROUP  M=toupper    ACBP=48
 647B:1A9A 0000 C=DATA   S=_DATA          G=DGROUP  M=f_lxmul    ACBP=48
 647B:1A9A 0000 C=DATA   S=_DATA          G=DGROUP  M=h_ldiv     ACBP=48
 647B:1A9A 0000 C=DATA   S=_DATA          G=DGROUP  M=h_llsh     ACBP=48
 647B:1A9A 0000 C=DATA   S=_DATA          G=DGROUP  M=h_lursh    ACBP=48
 647B:1A9A 0000 C=DATA   S=_DATA          G=DGROUP  M=n_lxmul    ACBP=48
 647B:1A9A 0000 C=DATA   S=_DATA          G=DGROUP  M=labs       ACBP=48
 647B:1A9A 0000 C=DATA   S=_DATA          G=DGROUP  M=longtoa    ACBP=48
 647B:1A9A 0000 C=DATA   S=_DATA          G=DGROUP  M=scantol    ACBP=48
 647B:1A9A 0036 C=DATA   S=_DATA          G=DGROUP  M=fdiv16     ACBP=48
 647B:1AD0 0002 C=DATA   S=_DATA          G=DGROUP  M=fpstklen   ACBP=48
 647B:1AD2 0000 C=DATA   S=_DATA          G=DGROUP  M=ltoa1      ACBP=48
 647B:1AD2 0000 C=DATA   S=_DATA          G=DGROUP  M=atol       ACBP=48
 647B:1AD2 0031 C=DATA   S=_DATA          G=DGROUP  M=cvtfak     ACBP=48
 647B:1B04 0000 C=DATA   S=_DATA          G=DGROUP  M=realcvt    ACBP=48
 647B:1B04 0000 C=DATA   S=_DATA          G=DGROUP  M=scantod    ACBP=48
 647B:1B04 0002 C=DATA   S=_DATA          G=DGROUP  M=stklen     ACBP=48
 647B:1B06 0014 C=DATA   S=_DATA          G=DGROUP  M=setnew     ACBP=48
 647B:1B1A 0000 C=DATA   S=_DATA          G=DGROUP  M=del        ACBP=48
 647B:1B1A 0000 C=DATA   S=_DATA          G=DGROUP  M=delarray   ACBP=48
 647B:1B1A 0000 C=DATA   S=_DATA          G=DGROUP  M=new        ACBP=48
 647B:1B1A 0000 C=DATA   S=_DATA          G=DGROUP  M=newarray   ACBP=48
 647B:1B1A 0000 C=DATA   S=_DATA          G=DGROUP  M=farheap    ACBP=48
 647B:1B1A 0000 C=DATA   S=_DATA          G=DGROUP  M=calloc     ACBP=48
 647B:1B1A 0002 C=DATA   S=_DATA          G=DGROUP  M=fbrk       ACBP=48
 647B:1B1C 0000 C=DATA   S=_DATA          G=DGROUP  M=fcorelft   ACBP=48
 647B:1B1C 0000 C=DATA   S=_DATA          G=DGROUP  M=coreleft   ACBP=48
 647B:1B1C 0000 C=DATA   S=_DATA          G=DGROUP  M=fcalloc    ACBP=48
 647B:1B1C 0000 C=DATA   S=_DATA          G=DGROUP  M=setblock   ACBP=48
 647B:1B1C 0000 C=DATA   S=_DATA          G=DGROUP  M=h_pada     ACBP=48
 647B:1B1C 0000 C=DATA   S=_DATA          G=DGROUP  M=h_padd     ACBP=48
 647B:1B1C 0000 C=DATA   S=_DATA          G=DGROUP  M=h_psbp     ACBP=48
 647B:1B1C 0000 C=DATA   S=_DATA          G=DGROUP  M=n_pcmp     ACBP=48
 647B:1B1C 0000 C=DATA   S=_DATA          G=DGROUP  M=n_scopy    ACBP=48
 647B:1B1C 0000 C=DATA   S=_DATA          G=DGROUP  M=errormsg   ACBP=48
 647B:1B1C 0000 C=DATA   S=_DATA          G=DGROUP  M=getswit    ACBP=48
 647B:1B1C 0000 C=DATA   S=_DATA          G=DGROUP  M=inport     ACBP=48
 647B:1B1C 0000 C=DATA   S=_DATA          G=DGROUP  M=outport    ACBP=48
 647B:1B1C 0002 C=DATA   S=_DATA          G=DGROUP  M=cputype    ACBP=48
 647B:1B1E 0000 C=DATA   S=_DATA          G=DGROUP  M=abort      ACBP=48
 647B:1B1E 0002 C=DATA   S=_DATA          G=DGROUP  M=atexit     ACBP=48
 647B:1B20 000C C=DATA   S=_DATA          G=DGROUP  M=exit       ACBP=48
 647B:1B2C 0000 C=DATA   S=_DATA          G=DGROUP  M=sigdata    ACBP=48
 647B:1B2C 001F C=DATA   S=_DATA          G=DGROUP  M=_abort     ACBP=48
 647B:1B4C 0000 C=DATA   S=_DATA          G=DGROUP  M=getvect    ACBP=48
 647B:1B4C 0000 C=DATA   S=_DATA          G=DGROUP  M=segread    ACBP=48
 647B:1B4C 0000 C=DATA   S=_DATA          G=DGROUP  M=dosenv     ACBP=48
 647B:1B4C 0000 C=DATA   S=_DATA          G=DGROUP  M=getenv     ACBP=48
 647B:1B4C 0004 C=DATA   S=_DATA          G=DGROUP  M=setenvp    ACBP=48
 647B:1B50 0028 C=DATA   S=_DATA          G=DGROUP  M=signal     ACBP=48
 647B:1B78 0000 C=DATA   S=_DATA          G=DGROUP  M=int86      ACBP=48
 647B:1B78 0000 C=DATA   S=_DATA          G=DGROUP  M=intdos     ACBP=48
 647B:1B78 0000 C=DATA   S=_DATA          G=DGROUP  M=spawn      ACBP=48
 647B:1B78 0013 C=DATA   S=_DATA          G=DGROUP  M=system     ACBP=48
 647B:1B8C 0128 C=DATA   S=_DATA          G=DGROUP  M=xxv        ACBP=48
 647B:1CB4 0000 C=DATA   S=_DATA          G=DGROUP  M=xalloc     ACBP=48
 647B:1CB4 0000 C=DATA   S=_DATA          G=DGROUP  M=xmsg       ACBP=48
 647B:1CB4 0000 C=DATA   S=_DATA          G=DGROUP  M=xxa        ACBP=48
 647B:1CB4 0000 C=DATA   S=_DATA          G=DGROUP  M=xxas       ACBP=48
 647B:1CB4 0012 C=DATA   S=_DATA          G=DGROUP  M=xx         ACBP=48
 647B:1CC6 0000 C=DATA   S=_DATA          G=DGROUP  M=ctor2      ACBP=48
 647B:1CC6 0000 C=DATA   S=_DATA          G=DGROUP  M=ctor3      ACBP=48
 647B:1CC6 0066 C=DATA   S=_DATA          G=DGROUP  M=strings    ACBP=48
 647B:1D2C 0000 C=DATA   S=_CVTSEG        G=DGROUP  M=c0.asm     ACBP=48
 647B:1D2C 0002 C=DATA   S=_CVTSEG        G=DGROUP  M=realcvt2   ACBP=48
 647B:1D2E 0002 C=DATA   S=_CVTSEG        G=DGROUP  M=cvtfak     ACBP=48
 647B:1D30 0000 C=DATA   S=_CVTSEG        G=DGROUP  M=realcvt    ACBP=48
 647B:1D30 0000 C=DATA   S=_SCNSEG        G=DGROUP  M=c0.asm     ACBP=48
 647B:1D30 0006 C=DATA   S=_SCNSEG        G=DGROUP  M=scantod2   ACBP=48
 647B:1D36 0006 C=DATA   S=_SCNSEG        G=DGROUP  M=cvtfak     ACBP=48
 647B:1D3C 0000 C=DATA   S=_SCNSEG        G=DGROUP  M=scantod    ACBP=48
 647B:1D3C 0000 C=CONST  S=_CONST         G=DGROUP  M=c0.asm     ACBP=48
 647B:1D3C 0000 C=INITDATA S=_INIT_         G=DGROUP  M=c0.asm     ACBP=48
 647B:1D3C 0006 C=INITDATA S=_INIT_         G=DGROUP  M=..\cnccom\cncpar.cpp ACBP=48
 647B:1D42 0006 C=INITDATA S=_INIT_         G=DGROUP  M=fp87init   ACBP=48
 647B:1D48 0006 C=INITDATA S=_INIT_         G=DGROUP  M=crtinit    ACBP=48
 647B:1D4E 0006 C=INITDATA S=_INIT_         G=DGROUP  M=setupio    ACBP=48
 647B:1D54 000C C=INITDATA S=_INIT_         G=DGROUP  M=ioststd    ACBP=48
 647B:1D60 0006 C=INITDATA S=_INIT_         G=DGROUP  M=fdiv16     ACBP=48
 647B:1D66 000C C=INITDATA S=_INIT_         G=DGROUP  M=setnew     ACBP=48
 647B:1D72 0006 C=INITDATA S=_INIT_         G=DGROUP  M=new        ACBP=48
 647B:1D78 0006 C=INITDATA S=_INIT_         G=DGROUP  M=cputype    ACBP=48
 647B:1D7E 0006 C=INITDATA S=_INIT_         G=DGROUP  M=setenvp    ACBP=48
 647B:1D84 0000 C=INITDATA S=_INITEND_      G=DGROUP  M=c0.asm     ACBP=28
 647B:1D84 0000 C=EXITDATA S=_EXIT_         G=DGROUP  M=c0.asm     ACBP=48
 647B:1D84 0006 C=EXITDATA S=_EXIT_         G=DGROUP  M=fp87init   ACBP=48
 647B:1D8A 0006 C=EXITDATA S=_EXIT_         G=DGROUP  M=setupio    ACBP=48
 647B:1D90 000C C=EXITDATA S=_EXIT_         G=DGROUP  M=ioststd    ACBP=48
 647B:1D9C 0006 C=EXITDATA S=_EXIT_         G=DGROUP  M=setnew     ACBP=48
 647B:1DA2 0006 C=EXITDATA S=_EXIT_         G=DGROUP  M=new        ACBP=48
 647B:1DA8 0000 C=EXITDATA S=_EXITEND_      G=DGROUP  M=c0.asm     ACBP=28
 647B:1DA8 0000 C=BSS    S=_BSS           G=DGROUP  M=c0.asm     ACBP=48
 647B:1DA8 0080 C=BSS    S=_BSS           G=DGROUP  M=..\cncdrc\cnciposs.cpp ACBP=48
 647B:1E28 0000 C=BSS    S=_BSS           G=DGROUP  M=..\cnccom\cnciopar.cpp ACBP=48
 647B:1E28 031E C=BSS    S=_BSS           G=DGROUP  M=..\cncdrc\cncdrch.cpp ACBP=48
 647B:2146 006C C=BSS    S=_BSS           G=DGROUP  M=..\cnccom\cnccsti.cpp ACBP=48
 647B:21B2 0000 C=BSS    S=_BSS           G=DGROUP  M=cncotl.cpp ACBP=48
 647B:21B2 0004 C=BSS    S=_BSS           G=DGROUP  M=..\cncshow\cncsted.cpp ACBP=48
 647B:21B6 0000 C=BSS    S=_BSS           G=DGROUP  M=..\cncunpac\cncuzsm.cpp ACBP=48
 647B:21B6 0000 C=BSS    S=_BSS           G=DGROUP  M=..\cncunpac\cncuzero.cpp ACBP=48
 647B:21B6 0000 C=BSS    S=_BSS           G=DGROUP  M=..\cncunpac\cncuzcp.cpp ACBP=48
 647B:21B6 000E C=BSS    S=_BSS           G=DGROUP  M=..\cncunpac\cncuwkp.cpp ACBP=48
 647B:21C4 0000 C=BSS    S=_BSS           G=DGROUP  M=..\cncunpac\cncuwerr.cpp ACBP=48
 647B:21C4 0000 C=BSS    S=_BSS           G=DGROUP  M=..\cncunpac\cncusim.cpp ACBP=48
 647B:21C4 1F98 C=BSS    S=_BSS           G=DGROUP  M=..\cncunpac\cncur_pr.cpp ACBP=48
 647B:415C 0100 C=BSS    S=_BSS           G=DGROUP  M=..\cncunpac\cncunums.cpp ACBP=48
 647B:425C 0000 C=BSS    S=_BSS           G=DGROUP  M=..\cncunpac\cncunumf.cpp ACBP=48
 647B:425C 0000 C=BSS    S=_BSS           G=DGROUP  M=..\cncunpac\cncunul.cpp ACBP=48
 647B:425C 0194 C=BSS    S=_BSS           G=DGROUP  M=..\cncunpac\cncunp3.cpp ACBP=48
 647B:43F0 0000 C=BSS    S=_BSS           G=DGROUP  M=..\cncunpac\cncunp2.cpp ACBP=48
 647B:43F0 0000 C=BSS    S=_BSS           G=DGROUP  M=..\cncunpac\cncunp1.cpp ACBP=48
 647B:43F0 0000 C=BSS    S=_BSS           G=DGROUP  M=..\cncunpac\cncuintf.cpp ACBP=48
 647B:43F0 0000 C=BSS    S=_BSS           G=DGROUP  M=..\cncunpac\cncugran.cpp ACBP=48
 647B:43F0 0000 C=BSS    S=_BSS           G=DGROUP  M=..\cncunpac\cncugr4.cpp ACBP=48
 647B:43F0 0002 C=BSS    S=_BSS           G=DGROUP  M=..\cncunpac\cncuform.cpp ACBP=48
 647B:43F2 0000 C=BSS    S=_BSS           G=DGROUP  M=..\cncunpac\cncufom.cpp ACBP=48
 647B:43F2 0000 C=BSS    S=_BSS           G=DGROUP  M=..\cncunpac\cncufnum.cpp ACBP=48
 647B:43F2 0000 C=BSS    S=_BSS           G=DGROUP  M=..\cncunpac\cncufnm.cpp ACBP=48
 647B:43F2 0000 C=BSS    S=_BSS           G=DGROUP  M=..\cncunpac\cncuends.cpp ACBP=48
 647B:43F2 0000 C=BSS    S=_BSS           G=DGROUP  M=..\cncunpac\cncuasim.cpp ACBP=48
 647B:43F2 0000 C=BSS    S=_BSS           G=DGROUP  M=..\cncunpac\cncuana.cpp ACBP=48
 647B:43F2 0000 C=BSS    S=_BSS           G=DGROUP  M=..\cnctime\cnctszr.cpp ACBP=48
 647B:43F2 0000 C=BSS    S=_BSS           G=DGROUP  M=..\cnctime\cnctstp.cpp ACBP=48
 647B:43F2 0000 C=BSS    S=_BSS           G=DGROUP  M=..\cnctime\cnctsm.cpp ACBP=48
 647B:43F2 0000 C=BSS    S=_BSS           G=DGROUP  M=..\cnctime\cnctrpr.cpp ACBP=48
 647B:43F2 0000 C=BSS    S=_BSS           G=DGROUP  M=..\cnctime\cnctres.cpp ACBP=48
 647B:43F2 0000 C=BSS    S=_BSS           G=DGROUP  M=..\cnctime\cnctrc2.cpp ACBP=48
 647B:43F2 0000 C=BSS    S=_BSS           G=DGROUP  M=..\cnctime\cnctrc1.cpp ACBP=48
 647B:43F2 0000 C=BSS    S=_BSS           G=DGROUP  M=..\cnctime\cnctpoin.cpp ACBP=48
 647B:43F2 0000 C=BSS    S=_BSS           G=DGROUP  M=..\cnctime\cnctmm.cpp ACBP=48
 647B:43F2 0000 C=BSS    S=_BSS           G=DGROUP  M=..\cnctime\cnctmfun.cpp ACBP=48
 647B:43F2 0000 C=BSS    S=_BSS           G=DGROUP  M=..\cnctime\cnctio.cpp ACBP=48
 647B:43F2 0000 C=BSS    S=_BSS           G=DGROUP  M=..\cnctime\cnctinfm.cpp ACBP=48
 647B:43F2 0000 C=BSS    S=_BSS           G=DGROUP  M=..\cnctime\cnctcom1.cpp ACBP=48
 647B:43F2 0000 C=BSS    S=_BSS           G=DGROUP  M=..\cnctime\cnctcm.cpp ACBP=48
 647B:43F2 0000 C=BSS    S=_BSS           G=DGROUP  M=..\cnctime\cnctbgn.cpp ACBP=48
 647B:43F2 00C8 C=BSS    S=_BSS           G=DGROUP  M=..\cncserr\zapic.cpp ACBP=48
 647B:44BA 0000 C=BSS    S=_BSS           G=DGROUP  M=..\cncserr\ob_out.cpp ACBP=48
 647B:44BA 0000 C=BSS    S=_BSS           G=DGROUP  M=..\cncserr\ob_kon2.cpp ACBP=48
 647B:44BA 0000 C=BSS    S=_BSS           G=DGROUP  M=..\cncserr\ob_kon.cpp ACBP=48
 647B:44BA 0000 C=BSS    S=_BSS           G=DGROUP  M=..\cncserr\ob_in.cpp ACBP=48
 647B:44BA 0000 C=BSS    S=_BSS           G=DGROUP  M=..\cncserr\mistake.cpp ACBP=48
 647B:44BA 008C C=BSS    S=_BSS           G=DGROUP  M=..\cncserr\glav.cpp ACBP=48
 647B:4546 0000 C=BSS    S=_BSS           G=DGROUP  M=..\cncserr\diag.cpp ACBP=48
 647B:4546 045A C=BSS    S=_BSS           G=DGROUP  M=..\cncserr\avtoyp.cpp ACBP=48
 647B:49A0 0000 C=BSS    S=_BSS           G=DGROUP  M=..\cncdrv\cncisref.cpp ACBP=48
 647B:49A0 0080 C=BSS    S=_BSS           G=DGROUP  M=..\cncdrv\cncispoz.cpp ACBP=48
 647B:4A20 0000 C=BSS    S=_BSS           G=DGROUP  M=..\cncdrv\cncires.cpp ACBP=48
 647B:4A20 0080 C=BSS    S=_BSS           G=DGROUP  M=..\cncdrv\cncieoks.cpp ACBP=48
 647B:4AA0 000C C=BSS    S=_BSS           G=DGROUP  M=..\cncdrv\cncicrfn.cpp ACBP=48
 647B:4AAC 0000 C=BSS    S=_BSS           G=DGROUP  M=..\cncci\cncciuna.cpp ACBP=48
 647B:4AAC 004E C=BSS    S=_BSS           G=DGROUP  M=..\cncci\cnccisvl.cpp ACBP=48
 647B:4AFA 0000 C=BSS    S=_BSS           G=DGROUP  M=..\cncci\cnccism0.cpp ACBP=48
 647B:4AFA 0000 C=BSS    S=_BSS           G=DGROUP  M=..\cncci\cnccirnd.cpp ACBP=48
 647B:4AFA 0000 C=BSS    S=_BSS           G=DGROUP  M=..\cncci\cnccirnc.cpp ACBP=48
 647B:4AFA 0000 C=BSS    S=_BSS           G=DGROUP  M=..\cncci\cnccirds.cpp ACBP=48
 647B:4AFA 0018 C=BSS    S=_BSS           G=DGROUP  M=..\cncci\cnccipol.cpp ACBP=48
 647B:4B12 0000 C=BSS    S=_BSS           G=DGROUP  M=..\cncci\cnccimrr.cpp ACBP=48
 647B:4B12 0000 C=BSS    S=_BSS           G=DGROUP  M=..\cncci\cnccill.cpp ACBP=48
 647B:4B12 0000 C=BSS    S=_BSS           G=DGROUP  M=..\cncci\cnccikrg.cpp ACBP=48
 647B:4B12 0000 C=BSS    S=_BSS           G=DGROUP  M=..\cncci\cnccikcn.cpp ACBP=48
 647B:4B12 0000 C=BSS    S=_BSS           G=DGROUP  M=..\cncci\cncciinp.cpp ACBP=48
 647B:4B12 0000 C=BSS    S=_BSS           G=DGROUP  M=..\cncci\cnccieqv.cpp ACBP=48
 647B:4B12 0000 C=BSS    S=_BSS           G=DGROUP  M=..\cncci\cnccict.cpp ACBP=48
 647B:4B12 0000 C=BSS    S=_BSS           G=DGROUP  M=..\cncci\cnccicrs.cpp ACBP=48
 647B:4B12 0000 C=BSS    S=_BSS           G=DGROUP  M=..\cnccamp\cncctok.cpp ACBP=48
 647B:4B12 0000 C=BSS    S=_BSS           G=DGROUP  M=..\cnccamp\cnccstr.cpp ACBP=48
 647B:4B12 0000 C=BSS    S=_BSS           G=DGROUP  M=..\cnccamp\cnccrrdp.cpp ACBP=48
 647B:4B12 0126 C=BSS    S=_BSS           G=DGROUP  M=..\cnccamp\cnccrm.cpp ACBP=48
 647B:4C38 0000 C=BSS    S=_BSS           G=DGROUP  M=..\cnccamp\cnccref.cpp ACBP=48
 647B:4C38 0000 C=BSS    S=_BSS           G=DGROUP  M=..\cnccamp\cnccoutk.cpp ACBP=48
 647B:4C38 0000 C=BSS    S=_BSS           G=DGROUP  M=..\cnccamp\cnccman.cpp ACBP=48
 647B:4C38 0000 C=BSS    S=_BSS           G=DGROUP  M=..\cnccamp\cnccfrs.cpp ACBP=48
 647B:4C38 0000 C=BSS    S=_BSS           G=DGROUP  M=..\cnccamp\cnccauto.cpp ACBP=48
 647B:4C38 0000 C=BSS    S=_BSS           G=DGROUP  M=..\cncdrc\cncxupr.cpp ACBP=48
 647B:4C38 0000 C=BSS    S=_BSS           G=DGROUP  M=..\cncdrc\cnctend.cpp ACBP=48
 647B:4C38 0004 C=BSS    S=_BSS           G=DGROUP  M=..\cncdrc\cnctcom2.cpp ACBP=48
 647B:4C3C 0000 C=BSS    S=_BSS           G=DGROUP  M=..\cncdrc\cncsupr.cpp ACBP=48
 647B:4C3C 0000 C=BSS    S=_BSS           G=DGROUP  M=..\cncdrc\cncmup.cpp ACBP=48
 647B:4C3C 0000 C=BSS    S=_BSS           G=DGROUP  M=..\cncdrc\cnciref.cpp ACBP=48
 647B:4C3C 0000 C=BSS    S=_BSS           G=DGROUP  M=..\cncdrc\cncipos.cpp ACBP=48
 647B:4C3C 0080 C=BSS    S=_BSS           G=DGROUP  M=..\cncdrc\cncilin.cpp ACBP=48
 647B:4CBC 0000 C=BSS    S=_BSS           G=DGROUP  M=..\cncdrc\cncieok.cpp ACBP=48
 647B:4CBC 0000 C=BSS    S=_BSS           G=DGROUP  M=..\cncdrc\cnciax.cpp ACBP=48
 647B:4CBC 0000 C=BSS    S=_BSS           G=DGROUP  M=..\cncdrc\cncdtime.cpp ACBP=48
 647B:4CBC 0000 C=BSS    S=_BSS           G=DGROUP  M=..\cncdrc\cncdrc.cpp ACBP=48
 647B:4CBC 0000 C=BSS    S=_BSS           G=DGROUP  M=..\cncdrc\cncdcap.cpp ACBP=48
 647B:4CBC 0000 C=BSS    S=_BSS           G=DGROUP  M=..\cncdrc\cnccamp.cpp ACBP=48
 647B:4CBC 0000 C=BSS    S=_BSS           G=DGROUP  M=..\cncshow\cnctedi.cpp ACBP=48
 647B:4CBC 00DA C=BSS    S=_BSS           G=DGROUP  M=..\cncshow\cncsvar.cpp ACBP=48
 647B:4D96 0004 C=BSS    S=_BSS           G=DGROUP  M=..\cncshow\cncstio.cpp ACBP=48
 647B:4D9A 0088 C=BSS    S=_BSS           G=DGROUP  M=..\cncshow\cncstedc.cpp ACBP=48
 647B:4E22 0000 C=BSS    S=_BSS           G=DGROUP  M=..\cncshow\cncsrmsg.cpp ACBP=48
 647B:4E22 0000 C=BSS    S=_BSS           G=DGROUP  M=..\cncshow\cncsman.cpp ACBP=48
 647B:4E22 0000 C=BSS    S=_BSS           G=DGROUP  M=..\cncshow\cncskor.cpp ACBP=48
 647B:4E22 0582 C=BSS    S=_BSS           G=DGROUP  M=..\cncshow\cncsjog.cpp ACBP=48
 647B:53A4 0000 C=BSS    S=_BSS           G=DGROUP  M=..\cncshow\cncshow.cpp ACBP=48
 647B:53A4 00A4 C=BSS    S=_BSS           G=DGROUP  M=..\cncshow\cncsgstr.cpp ACBP=48
 647B:5448 0000 C=BSS    S=_BSS           G=DGROUP  M=..\cncshow\cncsgsc.cpp ACBP=48
 647B:5448 0001 C=BSS    S=_BSS           G=DGROUP  M=..\cncshow\cncsgeom.cpp ACBP=48
 647B:544A 0000 C=BSS    S=_BSS           G=DGROUP  M=..\cncshow\cncsgdc.cpp ACBP=48
 647B:544A 0000 C=BSS    S=_BSS           G=DGROUP  M=..\cncshow\cncsfun.cpp ACBP=48
 647B:544A 0000 C=BSS    S=_BSS           G=DGROUP  M=..\cncshow\cncsfspr.cpp ACBP=48
 647B:544A 00FC C=BSS    S=_BSS           G=DGROUP  M=..\cncshow\cncsfh.cpp ACBP=48
 647B:5546 0000 C=BSS    S=_BSS           G=DGROUP  M=..\cncshow\cncsedit.cpp ACBP=48
 647B:5546 0000 C=BSS    S=_BSS           G=DGROUP  M=..\cncshow\cncsdiag.cpp ACBP=48
 647B:5546 0084 C=BSS    S=_BSS           G=DGROUP  M=..\cncshow\cncscwnd.cpp ACBP=48
 647B:55CA 0000 C=BSS    S=_BSS           G=DGROUP  M=..\cncshow\cncscr.cpp ACBP=48
 647B:55CA 0004 C=BSS    S=_BSS           G=DGROUP  M=..\cncshow\cncscmpr.cpp ACBP=48
 647B:55CE 0000 C=BSS    S=_BSS           G=DGROUP  M=..\cncshow\cncsbeg.cpp ACBP=48
 647B:55CE 0024 C=BSS    S=_BSS           G=DGROUP  M=..\cncshow\cncsauto.cpp ACBP=48
 647B:55F2 0000 C=BSS    S=_BSS           G=DGROUP  M=..\cnccom\cncunpac.cpp ACBP=48
 647B:55F2 0BFC C=BSS    S=_BSS           G=DGROUP  M=..\cnccom\cncun3.cpp ACBP=48
 647B:61EE 15EA C=BSS    S=_BSS           G=DGROUP  M=..\cnccom\cncun2.cpp ACBP=48
 647B:77D8 0B8C C=BSS    S=_BSS           G=DGROUP  M=..\cnccom\cncun1.cpp ACBP=48
 647B:8364 104A C=BSS    S=_BSS           G=DGROUP  M=..\cnccom\cncpar.cpp ACBP=48
 647B:93AE 03E8 C=BSS    S=_BSS           G=DGROUP  M=..\cnccom\cncintf.cpp ACBP=48
 647B:9796 0120 C=BSS    S=_BSS           G=DGROUP  M=..\cnccom\cncintb.cpp ACBP=48
 647B:98B6 090C C=BSS    S=_BSS           G=DGROUP  M=..\cnccom\cncint.cpp ACBP=48
 647B:A1C2 009E C=BSS    S=_BSS           G=DGROUP  M=..\cnccom\cnchard.cpp ACBP=48
 647B:A260 0088 C=BSS    S=_BSS           G=DGROUP  M=..\cnccom\cnced.cpp ACBP=48
 647B:A2E8 0294 C=BSS    S=_BSS           G=DGROUP  M=..\cnccom\cnccstat.cpp ACBP=48
 647B:A57C 002A C=BSS    S=_BSS           G=DGROUP  M=efcvt      ACBP=48
 647B:A5A6 0000 C=BSS    S=_BSS           G=DGROUP  M=atan       ACBP=48
 647B:A5A6 0000 C=BSS    S=_BSS           G=DGROUP  M=fabs       ACBP=48
 647B:A5A6 0000 C=BSS    S=_BSS           G=DGROUP  M=ldtrunc    ACBP=48
 647B:A5A6 0000 C=BSS    S=_BSS           G=DGROUP  M=realcvt2   ACBP=48
 647B:A5A6 0000 C=BSS    S=_BSS           G=DGROUP  M=round      ACBP=48
 647B:A5A6 0000 C=BSS    S=_BSS           G=DGROUP  M=scantod2   ACBP=48
 647B:A5A6 0000 C=BSS    S=_BSS           G=DGROUP  M=xcvt       ACBP=48
 647B:A5A6 0000 C=BSS    S=_BSS           G=DGROUP  M=cos        ACBP=48
 647B:A5A6 0000 C=BSS    S=_BSS           G=DGROUP  M=modf       ACBP=48
 647B:A5A6 0000 C=BSS    S=_BSS           G=DGROUP  M=pow        ACBP=48
 647B:A5A6 0000 C=BSS    S=_BSS           G=DGROUP  M=sin        ACBP=48
 647B:A5A6 0000 C=BSS    S=_BSS           G=DGROUP  M=sqrt       ACBP=48
[...]
   757 538D:1940   758 538D:1946   765 538D:195A   770 538D:195F
   771 538D:1968   772 538D:196D   774 538D:1983   775 538D:199A
   776 538D:199E   778 538D:19AE   781 538D:19E4   782 538D:19EA
   783 538D:1A05   784 538D:1A12   785 538D:1A19   790 538D:1A50
   791 538D:1A67   792 538D:1A6E   796 538D:1A96   797 538D:1AA1
   800 538D:1AA9   801 538D:1AB5   802 538D:1AC0   803 538D:1ADB
   804 538D:1B0F   805 538D:1B1F   812 538D:1B33   819 538D:1B3B
   821 538D:1B44   822 538D:1B49   824 538D:1B4E   826 538D:1B64
   827 538D:1B7B   828 538D:1B7F   830 538D:1B8F   831 538D:1B9F
   832 538D:1BA4   835 538D:1BDA   836 538D:1BE0   837 538D:1BFB
   838 538D:1C08   840 538D:1C0D   841 538D:1C14   846 538D:1C4B
   847 538D:1C56   848 538D:1C5D   854 538D:1CD4   859 538D:1D0B
   860 538D:1D18   862 538D:1D1F   863 538D:1D2F   864 538D:1D34
   865 538D:1D40   866 538D:1D4C   867 538D:1D59   868 538D:1D65
   869 538D:1D72   870 538D:1D7F   871 538D:1D8A   872 538D:1DA5
   873 538D:1DC4   874 538D:1DE6   875 538D:1DF6   876 538D:1DFC
   881 538D:1E12   887 538D:1E1A   889 538D:1E30   890 538D:1E47
   891 538D:1E4B   893 538D:1E5B   896 538D:1E8F   897 538D:1EAB
   898 538D:1EC6   899 538D:1ED3   900 538D:1EDA   906 538D:1F11
   909 538D:1F18   910 538D:1F24   911 538D:1F30   912 538D:1F3D
   913 538D:1F49   914 538D:1F56   915 538D:1F63   916 538D:1F6E
   917 538D:1F89   918 538D:1F99   919 538D:1FCD   936 538D:1FEA
   941 538D:1FF2   942 538D:2002   944 538D:2031   945 538D:2048
   946 538D:2065   947 538D:206A
Line numbers for cncsedit.obj(..\cncshow\cncsedit.cpp) segment CNCSEDIT_TEXT

    20 5593:000E    22 5593:0016    24 5593:0028    26 5593:00D2
    27 5593:00E4    28 5593:00E7    29 5593:00F9    30 5593:00FC
    31 5593:010E    32 5593:0111    33 5593:0123    34 5593:0126
    35 5593:0138    36 5593:013B    37 5593:014D    38 5593:0150
    39 5593:0162    40 5593:0165    41 5593:0177    42 5593:017A
    43 5593:018C    44 5593:018F    45 5593:01A1    46 5593:01A4
    47 5593:01B6    48 5593:01B9    49 5593:01CB    50 5593:01CE
    51 5593:01E0    52 5593:01E3    53 5593:01F5    54 5593:01F7
    55 5593:0209    56 5593:020B    57 5593:021D    58 5593:021F
    59 5593:0231    60 5593:0233    61 5593:0245    62 5593:0247
    63 5593:0259    65 5593:025B    66 5593:026E    68 5593:0271
    70 5593:0281    72 5593:0286    73 5593:0292    74 5593:02B1
    78 5593:02B9    80 5593:02BE    81 5593:02D2    82 5593:02E4
    86 5593:02EC    88 5593:02F1    89 5593:0305    90 5593:0317
    93 5593:031F    95 5593:0324    96 5593:0330    97 5593:0344
    98 5593:0356   101 5593:035A   103 5593:0362   104 5593:036E
   106 5593:0380   107 5593:038C   108 5593:0397   109 5593:03A3
   111 5593:03B3   112 5593:03C5   115 5593:03CD   117 5593:03D2
   118 5593:03DE   119 5593:03FD   120 5593:040F   123 5593:0417
   125 5593:041C   126 5593:0430   127 5593:0442   130 5593:044A
   132 5593:044F   133 5593:0463   134 5593:0475   137 5593:047D
   139 5593:0482   141 5593:0496   142 5593:04A8   145 5593:04B0
   147 5593:04B5   148 5593:04C9   151 5593:04CD   153 5593:04D2
   155 5593:04DE   156 5593:04F0   158 5593:04F4   160 5593:04F9
   162 5593:0505   163 5593:0517   165 5593:051B   167 5593:0520
   169 5593:052C   170 5593:053E   172 5593:0542   174 5593:0547
   176 5593:0553   177 5593:0565   179 5593:0569   181 5593:056E
   183 5593:057A   184 5593:058C   186 5593:0590   188 5593:0595
   190 5593:05A1   191 5593:05B3   193 5593:05B7   195 5593:05BC
   197 5593:05C8   198 5593:05DA   200 5593:05DE   202 5593:05E3
   204 5593:05EF   205 5593:0601   207 5593:0605   209 5593:060A
   211 5593:0616   212 5593:0628
Line numbers for cncsdiag.obj(..\cncshow\cncsdiag.cpp) segment CNCSDIAG_TEXT

    40 55F5:000C    42 55F5:0014    44 55F5:0026    46 55F5:0089
    47 55F5:009B    48 55F5:009E    49 55F5:00B0    50 55F5:00B3
    51 55F5:00C5    52 55F5:00C8    53 55F5:00CD    54 55F5:00D0
    55 55F5:00E2    56 55F5:00E5    57 55F5:00F7    58 55F5:00FA
    59 55F5:00FF    60 55F5:0102    61 55F5:0114    62 55F5:0117
    63 55F5:0129    64 55F5:012C    65 55F5:013E    66 55F5:0141
    67 55F5:0153    68 55F5:0155    69 55F5:0167    70 55F5:0169
    71 55F5:017B    72 55F5:017D    73 55F5:018F    74 55F5:0191
    75 55F5:01A3    76 55F5:01A5    77 55F5:01B7    79 55F5:01B9
    80 55F5:01CC    82 55F5:01CF    84 55F5:0203    86 55F5:0208
    88 55F5:0218    90 55F5:0223    93 55F5:0228    95 55F5:0234
    98 55F5:0257    99 55F5:027F   100 55F5:02AA   102 55F5:02AC
   103 55F5:02D4   104 55F5:02FF   106 55F5:0301   107 55F5:0306
   108 55F5:0308   110 55F5:0313   112 55F5:031E   114 55F5:0322
   116 55F5:0327   117 55F5:0335   118 55F5:0341   120 55F5:0351
   121 55F5:0356   123 55F5:0361   124 55F5:036F   125 55F5:0397
   126 55F5:039C   127 55F5:03AA   128 55F5:03B8   129 55F5:03CA
   131 55F5:0401   133 55F5:0409   134 55F5:0417   135 55F5:0423
   138 55F5:0433   139 55F5:0438   140 55F5:0451   141 55F5:0474
   142 55F5:0481   145 55F5:048C   146 55F5:049A   147 55F5:04AC
   149 55F5:04B0   152 55F5:04B2   153 55F5:04C8   154 55F5:04CD
   155 55F5:04D7   157 55F5:04DA   159 55F5:04DF   160 55F5:04EB
   161 55F5:04F9   162 55F5:0509   164 55F5:050E   166 55F5:0513
   167 55F5:051E   168 55F5:052C   170 55F5:053A   171 55F5:054C
   173 55F5:0550   175 55F5:0555   177 55F5:0561   178 55F5:0573
   180 55F5:0577   182 55F5:057C   183 55F5:0588   184 55F5:0596
   185 55F5:05A6   187 55F5:05AB   188 55F5:05B0   190 55F5:05B5
   191 55F5:05C0   192 55F5:05CE   194 55F5:05DC   195 55F5:05EE
   197 55F5:05F2   199 55F5:05FA   200 55F5:0606   201 55F5:0614
   202 55F5:0624   203 55F5:0629   205 55F5:0649   207 55F5:0652
   208 55F5:065D   209 55F5:066B   210 55F5:0679   211 55F5:068B
   213 55F5:068F   215 55F5:0697   216 55F5:06A3   217 55F5:06B1
   218 55F5:06C1   219 55F5:06C6   221 55F5:06E6   223 55F5:06EF
   224 55F5:06FA   225 55F5:0708   226 55F5:0716   227 55F5:0729
   228 55F5:0738   230 55F5:073C   232 55F5:0741   233 55F5:074D
   234 55F5:075B   235 55F5:076B   236 55F5:0770   237 55F5:077B
   238 55F5:0789   240 55F5:0797   241 55F5:07A9   243 55F5:07AD
   245 55F5:07B2   246 55F5:07BE   247 55F5:07CC   248 55F5:07DC
   249 55F5:07E1   250 55F5:07EC   251 55F5:07FA   252 55F5:0808
   254 55F5:081B   255 55F5:082A   260 55F5:082E   262 55F5:0833
   263 55F5:083F   264 55F5:084D   265 55F5:085D   267 55F5:0862
   268 55F5:0867   270 55F5:086C   271 55F5:0877   272 55F5:0885
   273 55F5:0893   274 55F5:08A5   277 55F5:08A9   279 55F5:08AE
   280 55F5:08BA   281 55F5:08C8   282 55F5:08D8   284 55F5:08DD
   286 55F5:08E2   287 55F5:08ED   288 55F5:08FB   290 55F5:0909
   291 55F5:091B   294 55F5:091F   296 55F5:0924   297 55F5:0930
   298 55F5:093E   299 55F5:094E   301 55F5:0953   303 55F5:0958
   304 55F5:0963   305 55F5:0971   306 55F5:097F   308 55F5:0992
   309 55F5:09A1   312 55F5:09A5   314 55F5:09AA   315 55F5:09B6
   316 55F5:09C4   317 55F5:09E4   318 55F5:09E9   320 55F5:09FE
   321 55F5:0A18   322 55F5:0A23   323 55F5:0A25   324 55F5:0A40
   325 55F5:0A4B   326 55F5:0A4D   327 55F5:0A68   332 55F5:0A73
   334 55F5:0A78   335 55F5:0A83   336 55F5:0A91   337 55F5:0A9F
   338 55F5:0AB1   342 55F5:0AC2   345 55F5:0AC4   346 55F5:0ADA
   348 55F5:0ADF   351 55F5:0AEB   352 55F5:0AF0
Line numbers for cncscwnd.obj(..\cncshow\cncscwnd.cpp) segment CNCSCWND_TEXT

    29 56A4:000B    33 56A4:0013    34 56A4:0023    35 56A4:006B
    36 56A4:00A5    37 56A4:00F0    38 56A4:0107    39 56A4:0138
    40 56A4:0169    41 56A4:016E    45 56A4:0172    50 56A4:0177
    51 56A4:017D    53 56A4:019C    54 56A4:01C4    55 56A4:01CF
    56 56A4:01D4    57 56A4:01E2    58 56A4:01E7    59 56A4:01F3
    60 56A4:0207    64 56A4:020B    67 56A4:0213    70 56A4:0236
    71 56A4:0240    70 56A4:025E    73 56A4:026B    74 56A4:0287
    76 56A4:0297    77 56A4:02A1    78 56A4:02B0    80 56A4:02BB
    84 56A4:02BF    87 56A4:02C7    88 56A4:02CD    90 56A4:02EC
    91 56A4:0314    92 56A4:031E    91 56A4:033C    93 56A4:0349
Line numbers for cncscr.obj(..\cncshow\cncscr.cpp) segment CNCSCR_TEXT

    56 56D8:000D    60 56D8:0015    61 56D8:0022    63 56D8:002E
    64 56D8:0035    65 56D8:0041    68 56D8:0043    69 56D8:0049
    71 56D8:0052    72 56D8:0059    74 56D8:0065    76 56D8:0069
    78 56D8:006E    79 56D8:0076    80 56D8:007B    81 56D8:0080
    82 56D8:0085    83 56D8:008A    84 56D8:008F    85 56D8:0094
    86 56D8:0099    87 56D8:009E    88 56D8:00A3    89 56D8:00A8
    90 56D8:00AD    91 56D8:00B2    92 56D8:00B7    93 56D8:00BC
    94 56D8:00C1    96 56D8:00C5    98 56D8:00CA    99 56D8:00D2
   100 56D8:00D7   101 56D8:00DC   102 56D8:00E1   103 56D8:00E6
   104 56D8:00EB   105 56D8:00F0   106 56D8:00F5   107 56D8:00FA
   108 56D8:00FF   109 56D8:0104   110 56D8:0109   111 56D8:010E
   112 56D8:0113   113 56D8:0118   114 56D8:011D   119 56D8:0121
   124 56D8:012A   125 56D8:0133   126 56D8:0141   127 56D8:0160
   128 56D8:0176   130 56D8:0184   131 56D8:0189   134 56D8:018D
   136 56D8:0192   137 56D8:01A0   138 56D8:01AA   139 56D8:01B5
   140 56D8:01C1   141 56D8:01D5   146 56D8:01DD   149 56D8:01E5
   150 56D8:01F0   151 56D8:020C   152 56D8:0211   153 56D8:0216
   154 56D8:0232   155 56D8:0242   156 56D8:0252   157 56D8:0262
   159 56D8:0269   160 56D8:027A   161 56D8:0287   157 56D8:0291
   163 56D8:029B   164 56D8:02A9   165 56D8:02C8   166 56D8:02CD
   167 56D8:02E9   169 56D8:02F5   170 56D8:0302   167 56D8:0311
   172 56D8:031E   177 56D8:0322   179 56D8:0327   180 56D8:033B
   183 56D8:0345   184 56D8:0359   181 56D8:0363   186 56D8:036E
   189 56D8:0378   190 56D8:038C   187 56D8:0396   192 56D8:03A1
   196 56D8:03A5   199 56D8:03AD   200 56D8:03BC   201 56D8:03C2
   202 56D8:03C8   203 56D8:03CE   204 56D8:03D4   205 56D8:03D8
   206 56D8:03E5   207 56D8:03F6   211 56D8:03FA   213 56D8:03FF
   214 56D8:041F   215 56D8:0424   216 56D8:0438   220 56D8:043C
   222 56D8:0441   223 56D8:0458   224 56D8:046F   225 56D8:0486
   226 56D8:049D   227 56D8:04B1   228 56D8:04BB   229 56D8:04CF
   230 56D8:04D9   231 56D8:04ED   232 56D8:04F7   233 56D8:050B
   234 56D8:0515   237 56D8:0519   239 56D8:051B   240 56D8:0529
   241 56D8:0548   242 56D8:054D   246 56D8:057B   250 56D8:0584
   251 56D8:0589   250 56D8:05A3   252 56D8:05AC   253 56D8:05BA
   254 56D8:05C6   255 56D8:05D4   256 56D8:05FF   259 56D8:0604
   260 56D8:061E   261 56D8:0637   263 56D8:064B   264 56D8:065D
   256 56D8:066F   266 56D8:0678   268 56D8:067C   270 56D8:067E
   271 56D8:068C   272 56D8:06A8   273 56D8:06AD   274 56D8:06B8
   276 56D8:06BB   278 56D8:06BD   279 56D8:06D9   280 56D8:06E8
   282 56D8:06EB   284 56D8:06F0   285 56D8:070C   286 56D8:071A
   287 56D8:0726   288 56D8:072B   289 56D8:0736
Line numbers for cncscmpr.obj(..\cncshow\cncscmpr.cpp) segment CNCSCMPR_TEXT

    42 574B:0019    48 574B:0021    50 574B:003D    51 574B:004F
    53 574B:0054    54 574B:007C    55 574B:008F    57 574B:009D
    58 574B:00AF    60 574B:00B4    61 574B:00D2    62 574B:00DE
    64 574B:00E7    65 574B:00F5    66 574B:0102    61 574B:0106
    68 574B:0117    69 574B:0127    70 574B:0135    71 574B:0142
    72 574B:0145    75 574B:0184    79 574B:018C    81 574B:01B4
    82 574B:01C6    88 574B:01CA    89 574B:01D2    90 574B:01E2
    91 574B:01E9    90 574B:01FD    92 574B:0209    93 574B:0215
    95 574B:0218    98 574B:021C   103 574B:0224   104 574B:0236
   105 574B:0248   106 574B:0259   107 574B:0267   109 574B:0289
   111 574B:02B8   113 574B:02D8   114 574B:02F1   116 574B:02FC
   107 574B:031D   118 574B:0328   119 574B:032C   123 574B:0330
   128 574B:0339   129 574B:0342   130 574B:036A   132 574B:0378
   134 574B:0383   140 574B:038B   141 574B:03B1   142 574B:03D9
   144 574B:03E7   145 574B:03EC   146 574B:0402   148 574B:041B
   149 574B:042C   150 574B:043C   140 574B:0441   153 574B:044E
   154 574B:0450   158 574B:0454   196 574B:0456   197 574B:0459
   199 574B:045C   201 574B:045E   202 574B:0461
Line numbers for cncsbeg.obj(..\cncshow\cncsbeg.cpp) segment CNCSBEG_TEXT

    35 5791:0062    39 5791:006A    41 5791:007D    43 5791:008F
    46 5791:00A1    49 5791:00B3    51 5791:00C5    54 5791:00D7
    55 5791:00F3    56 5791:00FD    57 5791:0123    55 5791:0135
    60 5791:0142    61 5791:015A    63 5791:0172    64 5791:0182
    66 5791:0197    67 5791:01AF    80 5791:01BF    81 5791:01D1
    82 5791:01E4    86 5791:01F7    91 5791:020B    92 5791:0215
    93 5791:022D    91 5791:0237    94 5791:024D    95 5791:0257
    96 5791:026F    94 5791:0279    97 5791:028F    98 5791:0299
    99 5791:02B1    97 5791:02BB   100 5791:02D1   101 5791:02DB
   102 5791:02F3   100 5791:02FD   103 5791:0313   104 5791:031B
   103 5791:032F   108 5791:033B   109 5791:0342   110 5791:0364
   115 5791:0381   116 5791:038E   117 5791:039B   118 5791:03A6
   119 5791:03B1   120 5791:03B4   124 5791:03B8   126 5791:03BA
   129 5791:03C4   132 5791:03D8   133 5791:03ED   136 5791:0402
   139 5791:0417   140 5791:042F   141 5791:0444   143 5791:0459
   144 5791:0481   145 5791:0486
Line numbers for cncsauto.obj(..\cncshow\cncsauto.cpp) segment CNCSAUTO_TEXT

    41 57D9:0009    43 57D9:0011    45 57D9:0023    47 57D9:007C
    48 57D9:008A    49 57D9:008D    50 57D9:009F    51 57D9:00A2
    52 57D9:00B4    53 57D9:00B7    54 57D9:00C9    55 57D9:00CC
    56 57D9:00DE    57 57D9:00E0    58 57D9:00F2    59 57D9:00F4
    60 57D9:0106    61 57D9:0108    62 57D9:011A    63 57D9:011C
    64 57D9:012A    65 57D9:012C    66 57D9:013A    68 57D9:013C
    69 57D9:014F    71 57D9:0152    74 57D9:0156    76 57D9:015B
    77 57D9:016B    78 57D9:0176    79 57D9:0182    81 57D9:01A2
    82 57D9:01CA    83 57D9:01F0    84 57D9:01F3    85 57D9:021B
    86 57D9:0241    87 57D9:0244    88 57D9:026C    89 57D9:0292
    90 57D9:0295    91 57D9:02BD    92 57D9:02E3    93 57D9:02E5
    94 57D9:030D    95 57D9:0333    96 57D9:0335    97 57D9:0340
    99 57D9:034B   101 57D9:0359   103 57D9:035E   105 57D9:036A
   106 57D9:037C   108 57D9:0380   110 57D9:0385   111 57D9:0391
   114 57D9:039A   116 57D9:03A8   117 57D9:03CD   118 57D9:03EE
   120 57D9:03F0   127 57D9:0407   129 57D9:0420   130 57D9:042B
   133 57D9:0430   135 57D9:0435   136 57D9:0440   138 57D9:0449
   139 57D9:0454   140 57D9:0459   144 57D9:045E   145 57D9:0470
   146 57D9:047E   148 57D9:0489   153 57D9:0491   154 57D9:04C1
   156 57D9:04C6   161 57D9:053F   162 57D9:054B   163 57D9:0560
   164 57D9:056B   165 57D9:0570   167 57D9:057B   170 57D9:058B
   171 57D9:059B   173 57D9:05A1   174 57D9:05B8   175 57D9:05C5
   176 57D9:05DA   177 57D9:05E5   179 57D9:05ED   180 57D9:060C
   182 57D9:0618   184 57D9:0621   185 57D9:0626   187 57D9:062B
   188 57D9:0639   189 57D9:0647   190 57D9:0659   191 57D9:0667
   192 57D9:0675   194 57D9:0680   199 57D9:0688   200 57D9:06A8
   202 57D9:06AD   207 57D9:0729   208 57D9:0732   211 57D9:074B
   212 57D9:0757   213 57D9:076C   214 57D9:0777   216 57D9:077C
   217 57D9:0787   218 57D9:0792   219 57D9:07A2   221 57D9:07AE
   224 57D9:07C2   225 57D9:07D2   227 57D9:07D8   228 57D9:07EF
   229 57D9:07FC   230 57D9:0811   231 57D9:081C   232 57D9:0821
   233 57D9:0829   234 57D9:0839   236 57D9:0845   237 57D9:0864
   239 57D9:0870   240 57D9:0879   241 57D9:087E   242 57D9:0890
   243 57D9:089E   245 57D9:08A6   249 57D9:08AE   250 57D9:08CE
   251 57D9:08D3   256 57D9:093A   257 57D9:0943   260 57D9:095C
   261 57D9:0968   262 57D9:097D   263 57D9:0988   265 57D9:098D
   266 57D9:0992   267 57D9:09A2   269 57D9:09AE   270 57D9:09CD
   272 57D9:09D9   273 57D9:09E2   274 57D9:09E7   275 57D9:09F9
   276 57D9:0A07   278 57D9:0A0F   282 57D9:0A14   283 57D9:0A34
   284 57D9:0A39   289 57D9:0AA3   290 57D9:0AAC   293 57D9:0AC5
   294 57D9:0AD1   295 57D9:0AE6   296 57D9:0AF1   298 57D9:0AF6
   299 57D9:0AFB   300 57D9:0B0B   302 57D9:0B17   303 57D9:0B36
   305 57D9:0B42   306 57D9:0B4B   307 57D9:0B50   308 57D9:0B62
   309 57D9:0B70   312 57D9:0B74   316 57D9:0B79   319 57D9:0B89
   320 57D9:0B95   321 57D9:0B9A   322 57D9:0B9F   323 57D9:0BAD
   324 57D9:0BBD   325 57D9:0BC3   326 57D9:0BE2   328 57D9:0BE6
   329 57D9:0BF2   331 57D9:0C1A   333 57D9:0C40   335 57D9:0C66
   336 57D9:0C8C   337 57D9:0C9A   338 57D9:0CA5   339 57D9:0CB1
   342 57D9:0CBA   343 57D9:0CC6   344 57D9:0CCB   346 57D9:0CD1
   347 57D9:0CE3   348 57D9:0CF1   349 57D9:0CFF   351 57D9:0D03
   354 57D9:0D08   357 57D9:0D15   358 57D9:0D1F   361 57D9:0D2D
   362 57D9:0D3D   364 57D9:0D41   367 57D9:0D46   370 57D9:0D53
   371 57D9:0D5D   374 57D9:0D6B   375 57D9:0D7B
Line numbers for cncpar.obj(..\cnccom\cncpar.cpp) segment CNCPAR_TEXT

    49 58B0:0028    50 58B0:002D    51 58B0:0049    52 58B0:0055
    54 58B0:005F    56 58B0:0064    57 58B0:006F    59 58B0:0073
    61 58B0:007B    62 58B0:0083    74 58B0:00BA    75 58B0:00BC
    74 58B0:00D2    78 58B0:00D8    80 58B0:00E2    82 58B0:00F2
    84 58B0:010A    85 58B0:010F    87 58B0:011E    89 58B0:013B
    90 58B0:0140    92 58B0:014F    94 58B0:017C    95 58B0:018B
    97 58B0:0197    98 58B0:019F    99 58B0:01B0   100 58B0:01BB
    78 58B0:01D9   104 58B0:01E1   105 58B0:01F8   107 58B0:0207
   108 58B0:020B   109 58B0:0216   107 58B0:021E   110 58B0:0227
   112 58B0:022B   114 58B0:022D   116 58B0:0230   118 58B0:0238
   120 58B0:0240   123 58B0:024F   125 58B0:025B   126 58B0:0281
   127 58B0:0289   128 58B0:02AC   123 58B0:02B4   130 58B0:02C4
   132 58B0:02C8   134 58B0:02CA   136 58B0:02CD   138 58B0:02D2
   139 58B0:02DD   140 58B0:02E8   141 58B0:02F3   142 58B0:02FE
   144 58B0:030A   146 58B0:030C   147 58B0:0311   149 58B0:0314
   151 58B0:031C   152 58B0:0344   154 58B0:0348   156 58B0:034A
   157 58B0:034D   159 58B0:0350   161 58B0:0352   162 58B0:0354
   164 58B0:0357   166 58B0:035C   167 58B0:038B   169 58B0:038F
   170 58B0:0394   171 58B0:03B0   172 58B0:03BC   174 58B0:03C6
   176 58B0:03CB   177 58B0:03D5   181 58B0:0406   182 58B0:040B
   183 58B0:044D   184 58B0:0459   185 58B0:0463   187 58B0:046D
   188 58B0:0472   189 58B0:04B4   190 58B0:04C0   191 58B0:04D4
   192 58B0:04DE   194 58B0:051A   196 58B0:052E   197 58B0:0552
   198 58B0:055F   201 58B0:0564   202 58B0:0577   203 58B0:0588
   204 58B0:059B   208 58B0:05C7   209 58B0:05DA   210 58B0:05E7
   212 58B0:05EB   214 58B0:05F8   215 58B0:0614   217 58B0:0618
   219 58B0:061D   220 58B0:0628   221 58B0:0639   223 58B0:0648
   225 58B0:064A   226 58B0:064F   228 58B0:0652   230 58B0:065A
   231 58B0:0682   233 58B0:0686   235 58B0:0688   236 58B0:068B
   238 58B0:068E   240 58B0:0690   241 58B0:0692   243 58B0:0695
   245 58B0:069A   246 58B0:06C9   248 58B0:06CD   250 58B0:06D5
   252 58B0:06E4   253 58B0:070C   254 58B0:071F   255 58B0:0748
   257 58B0:074A   258 58B0:0760   259 58B0:0766   261 58B0:076A
   263 58B0:0772   266 58B0:0781   267 58B0:0792   269 58B0:07A9
   270 58B0:07BC   271 58B0:07E5   284 58B0:07FE   285 58B0:0808
   286 58B0:080E   303 58B0:0812   304 58B0:0817   305 58B0:0832
   306 58B0:084A   308 58B0:0854   310 58B0:0859   311 58B0:086C
   312 58B0:087F   313 58B0:0892   314 58B0:08A5   315 58B0:08AB
   317 58B0:08AF   319 58B0:08B4   322 58B0:08C3   323 58B0:08CD
   324 58B0:08D7   325 58B0:08E1   327 58B0:08E9   329 58B0:08F5
   331 58B0:08FD   333 58B0:0925   334 58B0:0930   335 58B0:093B
   336 58B0:0946   337 58B0:0951   338 58B0:095C   339 58B0:0967
   340 58B0:0972   341 58B0:097D   342 58B0:0988   343 58B0:0993
   347 58B0:09A7   349 58B0:09F3   351 58B0:09F8   353 58B0:0A19
   354 58B0:0A24   355 58B0:0A2F   356 58B0:0A3A   360 58B0:0A4E
   362 58B0:0A52   364 58B0:0A57   365 58B0:0A6B   367 58B0:0A6F
   369 58B0:0A74   371 58B0:0A83   372 58B0:0A8E   373 58B0:0A99
   375 58B0:0AA4   377 58B0:0AAD   379 58B0:0AB9   381 58B0:0ABE
   382 58B0:0ACC   383 58B0:0AE0   384 58B0:0AF4   385 58B0:0B0A
   386 58B0:0B10   388 58B0:0B14   390 58B0:0B19   391 58B0:0B27
   392 58B0:0B35   393 58B0:0B43   394 58B0:0B51   395 58B0:0B57
Program entry point at 0000:0000

